Script started on 2020-04-09 12:19:57-0700
schradt@linux-09:~$ mkdir csci241
schradt@linux-09:~$ cd csci241/
schradt@linux-09:~/csci241$ ls
schradt@linux-09:~/csci241$ git https://github.com/csci241-20s/lab-1-Travis-Schrader.git https://github.com/csci241-20s/lab-1-Travis-Schrader.git[C[C[C[C[C[C[C[C[C[C[C[C[C[C[C[C[C[C[C[C[C[C[C[C[C[C[C[C[C[C[C[C[Cc https://github.com/csci241-20s/lab-1-Travis-Schrader.git[C[C[C[C[C[C[C[C[C[C[C[C[C[C[C[C[C[C[C[C[C[C[C[C[C[C[C[C[C[C[C[C[Cl https://github.com/csci241-20s/lab-1-Travis-Schrader.git[C[C[C[C[C[C[C[C[C[C[C[C[C[C[C[C[C[C[C[C[C[C[C[C[C[C[C[C[C[C[C[C[C[Co https://github.com/csci241-20s/lab-1-Travis-Schrader.git[C[C[C[C[C[C[C[C[C[C[C[C[C[C[C[C[C[C[C[C[C[C[C[C[C[C[C[C[C[C[C[C[C[C[Cn https://github.com/csci241-20s/lab-1-Travis-Schrader.git[C[C[C[C[C[C[C[C[C[C[C[C[C[C[C[C[C[C[C[C[C[C[C[C[C[C[C[C[C[C[C[C[C[C[C[Ce https://github.com/csci241-20s/lab-1-Travis-Schrader.git[C[C[C[C[C[C[C[C[C[C[C[C[C[C[C[C[C[C[C[C[C[C[C[C[C[C[C[C[C[C[C[C[C[C[C[C[C
Cloning into 'lab-1-Travis-Schrader'...
remote: Enumerating objects: 14, done.[K
remote: Counting objects:   7% (1/14)[Kremote: Counting objects:  14% (2/14)[Kremote: Counting objects:  21% (3/14)[Kremote: Counting objects:  28% (4/14)[Kremote: Counting objects:  35% (5/14)[Kremote: Counting objects:  42% (6/14)[Kremote: Counting objects:  50% (7/14)[Kremote: Counting objects:  57% (8/14)[Kremote: Counting objects:  64% (9/14)[Kremote: Counting objects:  71% (10/14)[Kremote: Counting objects:  78% (11/14)[Kremote: Counting objects:  85% (12/14)[Kremote: Counting objects:  92% (13/14)[Kremote: Counting objects: 100% (14/14)[Kremote: Counting objects: 100% (14/14), done.[K
remote: Compressing objects:  12% (1/8)[Kremote: Compressing objects:  25% (2/8)[Kremote: Compressing objects:  37% (3/8)[Kremote: Compressing objects:  50% (4/8)[Kremote: Compressing objects:  62% (5/8)[Kremote: Compressing objects:  75% (6/8)[Kremote: Compressing objects:  87% (7/8)[Kremote: Compressing objects: 100% (8/8)[Kremote: Compressing objects: 100% (8/8), done.[K
remote: Total 14 (delta 2), reused 0 (delta 0), pack-reused 0[K
Unpacking objects:   7% (1/14)   Unpacking objects:  14% (2/14)   Unpacking objects:  21% (3/14)   Unpacking objects:  28% (4/14)   Unpacking objects:  35% (5/14)   Unpacking objects:  42% (6/14)   Unpacking objects:  50% (7/14)   Unpacking objects:  57% (8/14)   Unpacking objects:  64% (9/14)   Unpacking objects:  71% (10/14)   Unpacking objects:  78% (11/14)   Unpacking objects:  85% (12/14)   Unpacking objects:  92% (13/14)   Unpacking objects: 100% (14/14)   Unpacking objects: 100% (14/14), done.
schradt@linux-09:~/csci241$ ls
lab-1-Travis-Schrader
schradt@linux-09:~/csci241$ git config --global user.name "Travis Schrader"
schradt@linux-09:~/csci241$ git config --gkl[K[Klobal user.email username@wwu.edu[K[K[K[K[K[K[K[K[K[K[K[K[K[K[K[K"schradt@wwu.edu"
schradt@linux-09:~/csci241$ touch writeup.txt
schradt@linux-09:~/csci241$ git add writeup.txt
fatal: not a git repository (or any parent up to mount point /)
Stopping at filesystem boundary (GIT_DISCOVERY_ACROSS_FILESYSTEM not set).
schradt@linux-09:~/csci241$ ls
lab-1-Travis-Schrader  writeup.txt
schradt@linux-09:~/csci241$ gt[Kit status
fatal: not a git repository (or any parent up to mount point /)
Stopping at filesystem boundary (GIT_DISCOVERY_ACROSS_FILESYSTEM not set).
schradt@linux-09:~/csci241$ rm writeup.txt
schradt@linux-09:~/csci241$ ls
lab-1-Travis-Schrader
schradt@linux-09:~/csci241$ cd lab-1-Travis-Schrader/
schradt@linux-09:~/csci241/lab-1-Travis-Schrader$ ls
build.gradle  settings.gradle  src
schradt@linux-09:~/csci241/lab-1-Travis-Schrader$ touch writeup.txt
schradt@linux-09:~/csci241/lab-1-Travis-Schrader$ git add wre[Kiteup.txt
schradt@linux-09:~/csci241/lab-1-Travis-Schrader$ git commit -m "Added empty writeup"
[master ea93273] Added empty writeup
 1 file changed, 0 insertions(+), 0 deletions(-)
 create mode 100644 writeup.txt
schradt@linux-09:~/csci241/lab-1-Travis-Schrader$ git push
Username for 'https://github.com': Travis-Schrader
Password for 'https://Travis-Schrader@github.com': 
Counting objects: 2, done.
Delta compression using up to 8 threads.
Compressing objects:  50% (1/2)   Compressing objects: 100% (2/2)   Compressing objects: 100% (2/2), done.
Writing objects:  50% (1/2)   Writing objects: 100% (2/2)   Writing objects: 100% (2/2), 272 bytes | 272.00 KiB/s, done.
Total 2 (delta 1), reused 0 (delta 0)
remote: Resolving deltas:   0% (0/1)[Kremote: Resolving deltas: 100% (1/1)[Kremote: Resolving deltas: 100% (1/1), completed with 1 local object.[K
To https://github.com/csci241-20s/lab-1-Travis-Schrader.git
   60d6e99..ea93273  master -> master
schradt@linux-09:~/csci241/lab-1-Travis-Schrader$ nano writeup.txt
[?1049h[22;0;0t[1;72r(B[m[4l[?7h[39;49m[?1h=[?1h=[?1h=[?25l[39;49m(B[m[H[2J[70;174H(B[0;7m[ Reading File ](B[m[70;180H(B[0;7m 0 lines ](B[m[H(B[0;7m  GNU nano 2.9.3                                                                                                                                                                   writeup.txt                                                                                                                                                                             [1;362H(B[m[71d(B[0;7m^G(B[m Get Help[19G(B[0;7m^O(B[m Write Out[37G(B[0;7m^W(B[m Where Is[55G(B[0;7m^K(B[m Cut Text[73G(B[0;7m^J(B[m Justify[71;91H(B[0;7m^C(B[m Cur Pos[71;109H(B[0;7mM-U(B[m Undo[71;127H(B[0;7mM-A(B[m Mark Text     (B[0;7mM-](B[m To Bracket    (B[0;7mM-▲(B[m Previous[181G(B[0;7m^B(B[m Back[71;199H(B[0;7m^◀(B[m Prev Word[217G(B[0;7m^A(B[m Home[71;235H(B[0;7m^P(B[m Prev Line[253G(B[0;7mM--(B[m Scroll Up     (B[0;7m^▲(B[m Prev Block     (B[0;7mM-((B[m Beg of Par    (B[0;7m^Y(B[m Prev Page[325G(B[0;7mM-\(B[m First Line    (B[0;7mM-◀(B[m Prev File[72d(B[0;7m^X(B[m Exit[72;19H(B[0;7m^R(B[m Read File[37G(B[0;7m^\(B[m Replace[72;55H(B[0;7m^U(B[m Uncut Text     (B[0;7m^T(B[m To Spell[91G(B[0;7m^_(B[m Go To Line     (B[0;7mM-E(B[m Redo[72;127H(B[0;7mM-6(B[m Copy Text     (B[0;7mM-W(B[m WhereIs Next  (B[0;7mM-▼(B[m Next[72;181H(B[0;7m^F(B[m Forward[72;199H(B[0;7m^▶(B[m Next Word[217G(B[0;7m^E(B[m End[72;235H(B[0;7m^N(B[m Next Line[253G(B[0;7mM-+(B[m Scroll Down   (B[0;7m^▼(B[m Next Block     (B[0;7mM-)(B[m End of Par    (B[0;7m^V(B[m Next Page[325G(B[0;7mM-/(B[m Last Line     (B[0;7mM-▶(B[m Next File[70d[3d[39;49m(B[m[?12l[?25h[?25l[1;354H(B[0;7mModified(B[m[3dT[?12l[?25h[?25lr[?12l[?25h[?25la[?12l[?25h[?25lv[?12l[?25h[?25li[?12l[?25h[?25ls[?12l[?25h[?25l [?12l[?25h[?25lS[?12l[?25h[?25lc[?12l[?25h[?25lh[?12l[?25h[?25lr[?12l[?25h[?25la[?12l[?25h[?25ld[?12l[?25h[?25le[?12l[?25h[?25lr[?12l[?25h[?25l[71;19H            [37G           [55G           [73G          [71;91H(B[0;7mM-D(B[m DOS Format            [71;127H[48X[71;181H(B[0;7mM-A(B[m Append[71;199H            [217G       [71;235H            [253G[18X[71;271H(B[0;7mM-B(B[m Backup File[K[72;2H(B[0;7mC(B[m Cancel[72;19H            [37G          [72;55H[29X[72;91H(B[0;7mM-M(B[m Mac Format            [72;127H[44X[72;181H(B[0;7mM-P(B[m Prepend[199G            [217G      [72;235H            [253G[18X[72;271H(B[0;7m^T(B[m To Files[K[70d(B[0;7mFile Name to Write: writeup.txt                                                                                                                                                                                                                                                                                                                                            [70;1H(B[m[70;32H[?12l[?25h[?25l[K[1;362H[1;354H(B[0;7m        (B[m[70;174H(B[0;7m[ Wrote 1 line ](B[m[71;19H(B[0;7m^O(B[m Write Out[37G(B[0;7m^W(B[m Where Is[55G(B[0;7m^K(B[m Cut Text[73G(B[0;7m^J(B[m Justify[71;91H(B[0;7m^C(B[m Cur Pos        (B[0;7mM-U(B[m Undo[71;127H(B[0;7mM-A(B[m Mark Text     (B[0;7mM-](B[m To Bracket    (B[0;7mM-▲(B[m Previous[181G(B[0;7m^B(B[m Back   [71;199H(B[0;7m^◀(B[m Prev Word[217G(B[0;7m^A(B[m Home[71;235H(B[0;7m^P(B[m Prev Line[253G(B[0;7mM--(B[m Scroll Up     (B[0;7m^▲(B[m Prev Block     (B[0;7mM-((B[m Beg of Par    (B[0;7m^Y(B[m Prev Page[325G(B[0;7mM-\(B[m First Line    (B[0;7mM-◀(B[m Prev File[72;2H(B[0;7mX(B[m Exit  [72;19H(B[0;7m^R(B[m Read File[37G(B[0;7m^\(B[m Replace[72;55H(B[0;7m^U(B[m Uncut Text     (B[0;7m^T(B[m To Spell[91G(B[0;7m^_(B[m Go To Line     (B[0;7mM-E(B[m Redo[72;127H(B[0;7mM-6(B[m Copy Text     (B[0;7mM-W(B[m WhereIs Next  (B[0;7mM-▼(B[m Next[72;181H(B[0;7m^F(B[m Forward [199G(B[0;7m^▶(B[m Next Word[217G(B[0;7m^E(B[m End[72;235H(B[0;7m^N(B[m Next Line[253G(B[0;7mM-+(B[m Scroll Down   (B[0;7m^▼(B[m Next Block     (B[0;7mM-)(B[m End of Par    (B[0;7m^V(B[m Next Page[325G(B[0;7mM-/(B[m Last Line     (B[0;7mM-▶(B[m Next File[70d[3;16H[?12l[?25h[?25l[70d[J[72;363H[?12l[?25h[72;1H[?1049l[23;0;0t[?1l>schradt@linux-09:~/csci241/lab-1-Travis-Schrader$ git[K[K[Kgit add writeup.txt
schradt@linux-09:~/csci241/lab-1-Travis-Schrader$ git commit -m "Added part 1 Travis[K[K[K[K[K[KTravis Schrader to wrti[K[Kiteup"[1@n[1@a[1@m[1@e[1@:[1@ [1P[1@ [1@"[C[C[C[C[C[C[C[C[C[C[C[C[C[C[C[1@"
error: pathspec 'Schrader to writeup' did not match any file(s) known to git.
schradt@linux-09:~/csci241/lab-1-Travis-Schrader$ git commit -m "Added part 1 name: "Travis Schrader" to writeup"[C[1P[C[C[C[C[C[C[C[C[C[C[C[C[C[C[C[C[1P[1@,[C[C[C[C[C[C[C[C[C[C[C[C
[master db97733] Added part 1 name: Travis Schrader, to writeup
 1 file changed, 1 insertion(+)
schradt@linux-09:~/csci241/lab-1-Travis-Schrader$ git status
On branch master
Your branch is ahead of 'origin/master' by 1 commit.
  (use "git push" to publish your local commits)

nothing to commit, working tree clean
schradt@linux-09:~/csci241/lab-1-Travis-Schrader$ nano writeup.txt
[?1049h[22;0;0t[1;72r(B[m[4l[?7h[39;49m[?1h=[?1h=[?1h=[?25l[39;49m(B[m[H[2J[70;174H(B[0;7m[ Reading File ](B[m[70;174H (B[0;7m[ Read 1 line ](B[m[H(B[0;7m  GNU nano 2.9.3                                                                                                                                                                   writeup.txt                                                                                                                                                                             [1;362H(B[m[71d(B[0;7m^G(B[m Get Help[19G(B[0;7m^O(B[m Write Out[37G(B[0;7m^W(B[m Where Is[55G(B[0;7m^K(B[m Cut Text[73G(B[0;7m^J(B[m Justify[71;91H(B[0;7m^C(B[m Cur Pos[71;109H(B[0;7mM-U(B[m Undo[71;127H(B[0;7mM-A(B[m Mark Text     (B[0;7mM-](B[m To Bracket    (B[0;7mM-▲(B[m Previous[181G(B[0;7m^B(B[m Back[71;199H(B[0;7m^◀(B[m Prev Word[217G(B[0;7m^A(B[m Home[71;235H(B[0;7m^P(B[m Prev Line[253G(B[0;7mM--(B[m Scroll Up     (B[0;7m^▲(B[m Prev Block     (B[0;7mM-((B[m Beg of Par    (B[0;7m^Y(B[m Prev Page[325G(B[0;7mM-\(B[m First Line    (B[0;7mM-◀(B[m Prev File[72d(B[0;7m^X(B[m Exit[72;19H(B[0;7m^R(B[m Read File[37G(B[0;7m^\(B[m Replace[72;55H(B[0;7m^U(B[m Uncut Text     (B[0;7m^T(B[m To Spell[91G(B[0;7m^_(B[m Go To Line     (B[0;7mM-E(B[m Redo[72;127H(B[0;7mM-6(B[m Copy Text     (B[0;7mM-W(B[m WhereIs Next  (B[0;7mM-▼(B[m Next[72;181H(B[0;7m^F(B[m Forward[72;199H(B[0;7m^▶(B[m Next Word[217G(B[0;7m^E(B[m End[72;235H(B[0;7m^N(B[m Next Line[253G(B[0;7mM-+(B[m Scroll Down   (B[0;7m^▼(B[m Next Block     (B[0;7mM-)(B[m End of Par    (B[0;7m^V(B[m Next Page[325G(B[0;7mM-/(B[m Last Line     (B[0;7mM-▶(B[m Next File[70d[3d[39;49m(B[mTravis Schrader[?12l[?25h[?25lT[?12l[?25h[?25lr[?12l[?25h[?25la[?12l[?25h[?25lv[?12l[?25h[?25li[?12l[?25h[?25ls[?12l[?25h[?25l [?12l[?25h[?25lS[?12l[?25h[?25lc[?12l[?25h[?25lh[?12l[?25h[?25lr[?12l[?25h[?25la[?12l[?25h[?25ld[?12l[?25h[?25le[?12l[?25h[?25lr[?12l[?25h[?25l[1;354H(B[0;7mModified(B[m[4d[?12l[?25h[?25lH[?12l[?25h[?25lo[?12l[?25h[?25lb[?12l[?25h[?25lb[?12l[?25h[?25ly[?12l[?25h[?25l:[?12l[?25h[?25l [?12l[?25h[?25lG[?12l[?25h[?25lr[?12l[?25h[?25li[70d[K[4;11H[?12l[?25h[?25ln[?12l[?25h[?25ld[?12l[?25h[?25li[?12l[?25h[?25ln[?12l[?25h[?25lg[?12l[?25h[?25l [?12l[?25h[?25lr[?12l[?25h[?25lu[?12l[?25h[?25ln[?12l[?25h[?25le[?12l[?25h[?25ls[?12l[?25h[?25lc[?12l[?25h[?25la[?12l[?25h[?25lp[?12l[?25h[?25le[?12l[?25h[?25l [?12l[?25h[?25ld[?12l[?25h[?25lu[?12l[?25h[?25lr[?12l[?25h[?25li[?12l[?25h[?25ln[?12l[?25h[?25lg[?12l[?25h[?25l [?12l[?25h[?25lt[?12l[?25h[?25lh[?12l[?25h[?25li[?12l[?25h[?25ls[?12l[?25h[?25l [?12l[?25h[?25lq[?12l[?25h[?25lu[?12l[?25h[?25la[?12l[?25h[?25lr[?12l[?25h[?25la[?12l[?25h[?25ln[?12l[?25h[?25lt[?12l[?25h[?25li[?12l[?25h[?25ln[?12l[?25h[?25le[?12l[?25h[?25l [?12l[?25h[?25l[71;19H            [37G           [55G           [73G          [71;91H(B[0;7mM-D(B[m DOS Format            [71;127H[48X[71;181H(B[0;7mM-A(B[m Append[71;199H            [217G       [71;235H            [253G[18X[71;271H(B[0;7mM-B(B[m Backup File[K[72;2H(B[0;7mC(B[m Cancel[72;19H            [37G          [72;55H[29X[72;91H(B[0;7mM-M(B[m Mac Format            [72;127H[44X[72;181H(B[0;7mM-P(B[m Prepend[199G            [217G      [72;235H            [253G[18X[72;271H(B[0;7m^T(B[m To Files[K[70d(B[0;7mFile Name to Write: writeup.txt                                                                                                                                                                                                                                                                                                                                            [70;1H(B[m[70;32H[?12l[?25h[?25l[K[1;362H[1;354H(B[0;7m        (B[m[70;174H(B[0;7m[ Wrote 2 lines ](B[m[71;19H(B[0;7m^O(B[m Write Out[37G(B[0;7m^W(B[m Where Is[55G(B[0;7m^K(B[m Cut Text[73G(B[0;7m^J(B[m Justify[71;91H(B[0;7m^C(B[m Cur Pos        (B[0;7mM-U(B[m Undo[71;127H(B[0;7mM-A(B[m Mark Text     (B[0;7mM-](B[m To Bracket    (B[0;7mM-▲(B[m Previous[181G(B[0;7m^B(B[m Back   [71;199H(B[0;7m^◀(B[m Prev Word[217G(B[0;7m^A(B[m Home[71;235H(B[0;7m^P(B[m Prev Line[253G(B[0;7mM--(B[m Scroll Up     (B[0;7m^▲(B[m Prev Block     (B[0;7mM-((B[m Beg of Par    (B[0;7m^Y(B[m Prev Page[325G(B[0;7mM-\(B[m First Line    (B[0;7mM-◀(B[m Prev File[72;2H(B[0;7mX(B[m Exit  [72;19H(B[0;7m^R(B[m Read File[37G(B[0;7m^\(B[m Replace[72;55H(B[0;7m^U(B[m Uncut Text     (B[0;7m^T(B[m To Spell[91G(B[0;7m^_(B[m Go To Line     (B[0;7mM-E(B[m Redo[72;127H(B[0;7mM-6(B[m Copy Text     (B[0;7mM-W(B[m WhereIs Next  (B[0;7mM-▼(B[m Next[72;181H(B[0;7m^F(B[m Forward [199G(B[0;7m^▶(B[m Next Word[217G(B[0;7m^E(B[m End[72;235H(B[0;7m^N(B[m Next Line[253G(B[0;7mM-+(B[m Scroll Down   (B[0;7m^▼(B[m Next Block     (B[0;7mM-)(B[m End of Par    (B[0;7m^V(B[m Next Page[325G(B[0;7mM-/(B[m Last Line     (B[0;7mM-▶(B[m Next File[70d[4;50H[?12l[?25h[?25l[70d[J[72;363H[?12l[?25h[72;1H[?1049l[23;0;0t[?1l>schradt@linux-09:~/csci241/lab-1-Travis-Schrader$ git status
On branch master
Your branch is ahead of 'origin/master' by 1 commit.
  (use "git push" to publish your local commits)

Changes not staged for commit:
  (use "git add <file>..." to update what will be committed)
  (use "git checkout -- <file>..." to discard changes in working directory)

	[31mmodified:   writeup.txt[m

no changes added to commit (use "git add" and/or "git commit -a")
schradt@linux-09:~/csci241/lab-1-Travis-Schrader$ git add writeup.txt
schradt@linux-09:~/csci241/lab-1-Travis-Schrader$ ls
build.gradle  settings.gradle  src  writeup.txt
schradt@linux-09:~/csci241/lab-1-Travis-Schrader$ git stast[K[Ktus
On branch master
Your branch is ahead of 'origin/master' by 1 commit.
  (use "git push" to publish your local commits)

Changes to be committed:
  (use "git reset HEAD <file>..." to unstage)

	[32mmodified:   writeup.txt[m

schradt@linux-09:~/csci241/lab-1-Travis-Schrader$ git commit -m "Added my quarantine hobby" 
[master 48d4f3b] Added my quarantine hobby
 1 file changed, 1 insertion(+)
schradt@linux-09:~/csci241/lab-1-Travis-Schrader$ git status
On branch master
Your branch is ahead of 'origin/master' by 2 commits.
  (use "git push" to publish your local commits)

nothing to commit, working tree clean
schradt@linux-09:~/csci241/lab-1-Travis-Schrader$ git push
Username for 'https://github.com': Travis-Schrader
Password for 'https://Travis-Schrader@github.com': 
Counting objects: 6, done.
Delta compression using up to 8 threads.
Compressing objects:  20% (1/5)   Compressing objects:  40% (2/5)   Compressing objects:  60% (3/5)   Compressing objects:  80% (4/5)   Compressing objects: 100% (5/5)   Compressing objects: 100% (5/5), done.
Writing objects:  16% (1/6)   Writing objects:  33% (2/6)   Writing objects:  50% (3/6)   Writing objects:  66% (4/6)   Writing objects:  83% (5/6)   Writing objects: 100% (6/6)   Writing objects: 100% (6/6), 582 bytes | 291.00 KiB/s, done.
Total 6 (delta 2), reused 0 (delta 0)
remote: Resolving deltas:   0% (0/2)[Kremote: Resolving deltas: 100% (2/2)[Kremote: Resolving deltas: 100% (2/2), completed with 1 local object.[K
To https://github.com/csci241-20s/lab-1-Travis-Schrader.git
   ea93273..48d4f3b  master -> master
schradt@linux-09:~/csci241/lab-1-Travis-Schrader$ t[Ktouch username.txt
schradt@linux-09:~/csci241/lab-1-Travis-Schrader$ ls
build.gradle  settings.gradle  src  username.txt  writeup.txt
schradt@linux-09:~/csci241/lab-1-Travis-Schrader$ nano username.txt
[?1049h[22;0;0t[1;72r(B[m[4l[?7h[39;49m[?1h=[?1h=[?1h=[?25l[39;49m(B[m[H[2J[70;174H(B[0;7m[ Reading File ](B[m[70;180H(B[0;7m 0 lines ](B[m[H(B[0;7m  GNU nano 2.9.3                                                                                                                                                                  username.txt                                                                                                                                                                             [1;362H(B[m[71d(B[0;7m^G(B[m Get Help[19G(B[0;7m^O(B[m Write Out[37G(B[0;7m^W(B[m Where Is[55G(B[0;7m^K(B[m Cut Text[73G(B[0;7m^J(B[m Justify[71;91H(B[0;7m^C(B[m Cur Pos[71;109H(B[0;7mM-U(B[m Undo[71;127H(B[0;7mM-A(B[m Mark Text     (B[0;7mM-](B[m To Bracket    (B[0;7mM-▲(B[m Previous[181G(B[0;7m^B(B[m Back[71;199H(B[0;7m^◀(B[m Prev Word[217G(B[0;7m^A(B[m Home[71;235H(B[0;7m^P(B[m Prev Line[253G(B[0;7mM--(B[m Scroll Up     (B[0;7m^▲(B[m Prev Block     (B[0;7mM-((B[m Beg of Par    (B[0;7m^Y(B[m Prev Page[325G(B[0;7mM-\(B[m First Line    (B[0;7mM-◀(B[m Prev File[72d(B[0;7m^X(B[m Exit[72;19H(B[0;7m^R(B[m Read File[37G(B[0;7m^\(B[m Replace[72;55H(B[0;7m^U(B[m Uncut Text     (B[0;7m^T(B[m To Spell[91G(B[0;7m^_(B[m Go To Line     (B[0;7mM-E(B[m Redo[72;127H(B[0;7mM-6(B[m Copy Text     (B[0;7mM-W(B[m WhereIs Next  (B[0;7mM-▼(B[m Next[72;181H(B[0;7m^F(B[m Forward[72;199H(B[0;7m^▶(B[m Next Word[217G(B[0;7m^E(B[m End[72;235H(B[0;7m^N(B[m Next Line[253G(B[0;7mM-+(B[m Scroll Down   (B[0;7m^▼(B[m Next Block     (B[0;7mM-)(B[m End of Par    (B[0;7m^V(B[m Next Page[325G(B[0;7mM-/(B[m Last Line     (B[0;7mM-▶(B[m Next File[70d[3d[39;49m(B[m[?12l[?25h[?25l[1;354H(B[0;7mModified(B[m[3dT[?12l[?25h[?25lr[?12l[?25h[?25la[?12l[?25h[?25lv[?12l[?25h[?25li[?12l[?25h[?25ls[?12l[?25h[?25l [?12l[?25h[?25lS[?12l[?25h[?25lc[?12l[?25h[?25lh[?12l[?25h[?25lr[?12l[?25h[?25la[?12l[?25h[?25ld[?12l[?25h[?25le[?12l[?25h[?25lr[?12l[?25h[?25l,[?12l[?25h[?25ls[?12l[?25h[?25lc[?12l[?25h[?25lh[?12l[?25h[?25lr[?12l[?25h[?25la[?12l[?25h[?25ld[?12l[?25h[?25lt[?12l[?25h[?25l,[?12l[?25h[?25lT[?12l[?25h[?25lr[70d[K[3;27H[?12l[?25h[?25la[?12l[?25h[?25lv[?12l[?25h[?25li[?12l[?25h[?25ls[?12l[?25h[?25l-[?12l[?25h[?25lS[?12l[?25h[?25lc[?12l[?25h[?25lh[?12l[?25h[?25lr[?12l[?25h[?25la[?12l[?25h[?25ld[?12l[?25h[?25le[?12l[?25h[?25lr[?12l[?25h[?25l[71;19H            [37G           [55G           [73G          [71;91H(B[0;7mM-D(B[m DOS Format            [71;127H[48X[71;181H(B[0;7mM-A(B[m Append[71;199H            [217G       [71;235H            [253G[18X[71;271H(B[0;7mM-B(B[m Backup File[K[72;2H(B[0;7mC(B[m Cancel[72;19H            [37G          [72;55H[29X[72;91H(B[0;7mM-M(B[m Mac Format            [72;127H[44X[72;181H(B[0;7mM-P(B[m Prepend[199G            [217G      [72;235H            [253G[18X[72;271H(B[0;7m^T(B[m To Files[K[70d(B[0;7mFile Name to Write: username.txt                                                                                                                                                                                                                                                                                                                                           [70;1H(B[m[70;33H[?12l[?25h[?25l[K[1;362H[1;354H(B[0;7m        (B[m[70;174H(B[0;7m[ Wrote 1 line ](B[m[71;19H(B[0;7m^O(B[m Write Out[37G(B[0;7m^W(B[m Where Is[55G(B[0;7m^K(B[m Cut Text[73G(B[0;7m^J(B[m Justify[71;91H(B[0;7m^C(B[m Cur Pos        (B[0;7mM-U(B[m Undo[71;127H(B[0;7mM-A(B[m Mark Text     (B[0;7mM-](B[m To Bracket    (B[0;7mM-▲(B[m Previous[181G(B[0;7m^B(B[m Back   [71;199H(B[0;7m^◀(B[m Prev Word[217G(B[0;7m^A(B[m Home[71;235H(B[0;7m^P(B[m Prev Line[253G(B[0;7mM--(B[m Scroll Up     (B[0;7m^▲(B[m Prev Block     (B[0;7mM-((B[m Beg of Par    (B[0;7m^Y(B[m Prev Page[325G(B[0;7mM-\(B[m First Line    (B[0;7mM-◀(B[m Prev File[72;2H(B[0;7mX(B[m Exit  [72;19H(B[0;7m^R(B[m Read File[37G(B[0;7m^\(B[m Replace[72;55H(B[0;7m^U(B[m Uncut Text     (B[0;7m^T(B[m To Spell[91G(B[0;7m^_(B[m Go To Line     (B[0;7mM-E(B[m Redo[72;127H(B[0;7mM-6(B[m Copy Text     (B[0;7mM-W(B[m WhereIs Next  (B[0;7mM-▼(B[m Next[72;181H(B[0;7m^F(B[m Forward [199G(B[0;7m^▶(B[m Next Word[217G(B[0;7m^E(B[m End[72;235H(B[0;7m^N(B[m Next Line[253G(B[0;7mM-+(B[m Scroll Down   (B[0;7m^▼(B[m Next Block     (B[0;7mM-)(B[m End of Par    (B[0;7m^V(B[m Next Page[325G(B[0;7mM-/(B[m Last Line     (B[0;7mM-▶(B[m Next File[70d[3;40H[?12l[?25h[?25l[70d[J[72;363H[?12l[?25h[72;1H[?1049l[23;0;0t[?1l>schradt@linux-09:~/csci241/lab-1-Travis-Schrader$ git add username.txt
schradt@linux-09:~/csci241/lab-1-Travis-Schrader$ git commit username[K[K[K[K[K[K[K[K[K -m "Upda[K[K[K[KAdded my identifications for wwu, github, and irl"
[master f4c49af] Added my identifications for wwu, github, and irl
 1 file changed, 1 insertion(+)
 create mode 100644 username.txt
schradt@linux-09:~/csci241/lab-1-Travis-Schrader$ git push
Username for 'https://github.com': Travis-Schrader
Password for 'https://Travis-Schrader@github.com': 
Counting objects: 3, done.
Delta compression using up to 8 threads.
Compressing objects:  50% (1/2)   Compressing objects: 100% (2/2)   Compressing objects: 100% (2/2), done.
Writing objects:  33% (1/3)   Writing objects:  66% (2/3)   Writing objects: 100% (3/3)   Writing objects: 100% (3/3), 328 bytes | 328.00 KiB/s, done.
Total 3 (delta 1), reused 0 (delta 0)
remote: Resolving deltas:   0% (0/1)[Kremote: Resolving deltas: 100% (1/1)[Kremote: Resolving deltas: 100% (1/1), completed with 1 local object.[K
To https://github.com/csci241-20s/lab-1-Travis-Schrader.git
   48d4f3b..f4c49af  master -> master
schradt@linux-09:~/csci241/lab-1-Travis-Schrader$ us[K[Knano username.txt
[?1049h[22;0;0t[1;72r(B[m[4l[?7h[39;49m[?1h=[?1h=[?1h=[?25l[39;49m(B[m[H[2J[70;174H(B[0;7m[ Reading File ](B[m[70;174H (B[0;7m[ Read 1 line ](B[m[H(B[0;7m  GNU nano 2.9.3                                                                                                                                                                  username.txt                                                                                                                                                                             [1;362H(B[m[71d(B[0;7m^G(B[m Get Help[19G(B[0;7m^O(B[m Write Out[37G(B[0;7m^W(B[m Where Is[55G(B[0;7m^K(B[m Cut Text[73G(B[0;7m^J(B[m Justify[71;91H(B[0;7m^C(B[m Cur Pos[71;109H(B[0;7mM-U(B[m Undo[71;127H(B[0;7mM-A(B[m Mark Text     (B[0;7mM-](B[m To Bracket    (B[0;7mM-▲(B[m Previous[181G(B[0;7m^B(B[m Back[71;199H(B[0;7m^◀(B[m Prev Word[217G(B[0;7m^A(B[m Home[71;235H(B[0;7m^P(B[m Prev Line[253G(B[0;7mM--(B[m Scroll Up     (B[0;7m^▲(B[m Prev Block     (B[0;7mM-((B[m Beg of Par    (B[0;7m^Y(B[m Prev Page[325G(B[0;7mM-\(B[m First Line    (B[0;7mM-◀(B[m Prev File[72d(B[0;7m^X(B[m Exit[72;19H(B[0;7m^R(B[m Read File[37G(B[0;7m^\(B[m Replace[72;55H(B[0;7m^U(B[m Uncut Text     (B[0;7m^T(B[m To Spell[91G(B[0;7m^_(B[m Go To Line     (B[0;7mM-E(B[m Redo[72;127H(B[0;7mM-6(B[m Copy Text     (B[0;7mM-W(B[m WhereIs Next  (B[0;7mM-▼(B[m Next[72;181H(B[0;7m^F(B[m Forward[72;199H(B[0;7m^▶(B[m Next Word[217G(B[0;7m^E(B[m End[72;235H(B[0;7m^N(B[m Next Line[253G(B[0;7mM-+(B[m Scroll Down   (B[0;7m^▼(B[m Next Block     (B[0;7mM-)(B[m End of Par    (B[0;7m^V(B[m Next Page[325G(B[0;7mM-/(B[m Last Line     (B[0;7mM-▶(B[m Next File[70d[3d[39;49m(B[mTravis Schrader,schradt,Travis-Schrader[?12l[?25h[?25l[1;354H(B[0;7mModified(B[m7[2;69r8[2dM[1;72r[4;1H[?12l[?25h[?25l[71;19H            [37G           [55G           [73G          [71;91H(B[0;7mM-D(B[m DOS Format            [71;127H[48X[71;181H(B[0;7mM-A(B[m Append[71;199H            [217G       [71;235H            [253G[18X[71;271H(B[0;7mM-B(B[m Backup File[K[72;2H(B[0;7mC(B[m Cancel[72;19H            [37G          [72;55H[29X[72;91H(B[0;7mM-M(B[m Mac Format            [72;127H[44X[72;181H(B[0;7mM-P(B[m Prepend[199G            [217G      [72;235H            [253G[18X[72;271H(B[0;7m^T(B[m To Files[K[70d(B[0;7mFile Name to Write: username.txt                                                                                                                                                                                                                                                                                                                                           [70;1H(B[m[70;33H[?12l[?25h[?25l[K[1;362H[1;354H(B[0;7m        (B[m[70;174H(B[0;7m[ Wrote 2 lines ](B[m[71;19H(B[0;7m^O(B[m Write Out[37G(B[0;7m^W(B[m Where Is[55G(B[0;7m^K(B[m Cut Text[73G(B[0;7m^J(B[m Justify[71;91H(B[0;7m^C(B[m Cur Pos        (B[0;7mM-U(B[m Undo[71;127H(B[0;7mM-A(B[m Mark Text     (B[0;7mM-](B[m To Bracket    (B[0;7mM-▲(B[m Previous[181G(B[0;7m^B(B[m Back   [71;199H(B[0;7m^◀(B[m Prev Word[217G(B[0;7m^A(B[m Home[71;235H(B[0;7m^P(B[m Prev Line[253G(B[0;7mM--(B[m Scroll Up     (B[0;7m^▲(B[m Prev Block     (B[0;7mM-((B[m Beg of Par    (B[0;7m^Y(B[m Prev Page[325G(B[0;7mM-\(B[m First Line    (B[0;7mM-◀(B[m Prev File[72;2H(B[0;7mX(B[m Exit  [72;19H(B[0;7m^R(B[m Read File[37G(B[0;7m^\(B[m Replace[72;55H(B[0;7m^U(B[m Uncut Text     (B[0;7m^T(B[m To Spell[91G(B[0;7m^_(B[m Go To Line     (B[0;7mM-E(B[m Redo[72;127H(B[0;7mM-6(B[m Copy Text     (B[0;7mM-W(B[m WhereIs Next  (B[0;7mM-▼(B[m Next[72;181H(B[0;7m^F(B[m Forward [199G(B[0;7m^▶(B[m Next Word[217G(B[0;7m^E(B[m End[72;235H(B[0;7m^N(B[m Next Line[253G(B[0;7mM-+(B[m Scroll Down   (B[0;7m^▼(B[m Next Block     (B[0;7mM-)(B[m End of Par    (B[0;7m^V(B[m Next Page[325G(B[0;7mM-/(B[m Last Line     (B[0;7mM-▶(B[m Next File[70d[4d[?12l[?25h[?25l[70d[J[72;363H[?12l[?25h[72;1H[?1049l[23;0;0t[?1l>schradt@linux-09:~/csci241/lab-1-Travis-Schrader$ git checkout
M	username.txt
Your branch is up to date with 'origin/master'.
schradt@linux-09:~/csci241/lab-1-Travis-Schrader$ nano username.txt
[?1049h[22;0;0t[1;72r(B[m[4l[?7h[39;49m[?1h=[?1h=[?1h=[?25l[39;49m(B[m[H[2J[70;174H(B[0;7m[ Reading File ](B[m[70;180H(B[0;7m 2 lines ](B[m[H(B[0;7m  GNU nano 2.9.3                                                                                                                                                                  username.txt                                                                                                                                                                             [1;362H(B[m[71d(B[0;7m^G(B[m Get Help[19G(B[0;7m^O(B[m Write Out[37G(B[0;7m^W(B[m Where Is[55G(B[0;7m^K(B[m Cut Text[73G(B[0;7m^J(B[m Justify[71;91H(B[0;7m^C(B[m Cur Pos[71;109H(B[0;7mM-U(B[m Undo[71;127H(B[0;7mM-A(B[m Mark Text     (B[0;7mM-](B[m To Bracket    (B[0;7mM-▲(B[m Previous[181G(B[0;7m^B(B[m Back[71;199H(B[0;7m^◀(B[m Prev Word[217G(B[0;7m^A(B[m Home[71;235H(B[0;7m^P(B[m Prev Line[253G(B[0;7mM--(B[m Scroll Up     (B[0;7m^▲(B[m Prev Block     (B[0;7mM-((B[m Beg of Par    (B[0;7m^Y(B[m Prev Page[325G(B[0;7mM-\(B[m First Line    (B[0;7mM-◀(B[m Prev File[72d(B[0;7m^X(B[m Exit[72;19H(B[0;7m^R(B[m Read File[37G(B[0;7m^\(B[m Replace[72;55H(B[0;7m^U(B[m Uncut Text     (B[0;7m^T(B[m To Spell[91G(B[0;7m^_(B[m Go To Line     (B[0;7mM-E(B[m Redo[72;127H(B[0;7mM-6(B[m Copy Text     (B[0;7mM-W(B[m WhereIs Next  (B[0;7mM-▼(B[m Next[72;181H(B[0;7m^F(B[m Forward[72;199H(B[0;7m^▶(B[m Next Word[217G(B[0;7m^E(B[m End[72;235H(B[0;7m^N(B[m Next Line[253G(B[0;7mM-+(B[m Scroll Down   (B[0;7m^▼(B[m Next Block     (B[0;7mM-)(B[m End of Par    (B[0;7m^V(B[m Next Page[325G(B[0;7mM-/(B[m Last Line     (B[0;7mM-▶(B[m Next File[70d[4d[39;49m(B[mTravis Schrader,schradt,Travis-Schrader[A[?12l[?25h[?25l[4d[?12l[?25h[?25l[1;354H(B[0;7mModified(B[m[2;69r[69;1H
[1;72r[3;1H[?12l[?25h[?25l[71;19H            [37G           [55G           [73G          [71;91H(B[0;7mM-D(B[m DOS Format            [71;127H[48X[71;181H(B[0;7mM-A(B[m Append[71;199H            [217G       [71;235H            [253G[18X[71;271H(B[0;7mM-B(B[m Backup File[K[72;2H(B[0;7mC(B[m Cancel[72;19H            [37G          [72;55H[29X[72;91H(B[0;7mM-M(B[m Mac Format            [72;127H[44X[72;181H(B[0;7mM-P(B[m Prepend[199G            [217G      [72;235H            [253G[18X[72;271H(B[0;7m^T(B[m To Files[K[70d(B[0;7mFile Name to Write: username.txt                                                                                                                                                                                                                                                                                                                                           [70;1H(B[m[70;33H[?12l[?25h[?25l[K[1;362H[1;354H(B[0;7m        (B[m[70;174H(B[0;7m[ Wrote 1 line ](B[m[71;19H(B[0;7m^O(B[m Write Out[37G(B[0;7m^W(B[m Where Is[55G(B[0;7m^K(B[m Cut Text[73G(B[0;7m^J(B[m Justify[71;91H(B[0;7m^C(B[m Cur Pos        (B[0;7mM-U(B[m Undo[71;127H(B[0;7mM-A(B[m Mark Text     (B[0;7mM-](B[m To Bracket    (B[0;7mM-▲(B[m Previous[181G(B[0;7m^B(B[m Back   [71;199H(B[0;7m^◀(B[m Prev Word[217G(B[0;7m^A(B[m Home[71;235H(B[0;7m^P(B[m Prev Line[253G(B[0;7mM--(B[m Scroll Up     (B[0;7m^▲(B[m Prev Block     (B[0;7mM-((B[m Beg of Par    (B[0;7m^Y(B[m Prev Page[325G(B[0;7mM-\(B[m First Line    (B[0;7mM-◀(B[m Prev File[72;2H(B[0;7mX(B[m Exit  [72;19H(B[0;7m^R(B[m Read File[37G(B[0;7m^\(B[m Replace[72;55H(B[0;7m^U(B[m Uncut Text     (B[0;7m^T(B[m To Spell[91G(B[0;7m^_(B[m Go To Line     (B[0;7mM-E(B[m Redo[72;127H(B[0;7mM-6(B[m Copy Text     (B[0;7mM-W(B[m WhereIs Next  (B[0;7mM-▼(B[m Next[72;181H(B[0;7m^F(B[m Forward [199G(B[0;7m^▶(B[m Next Word[217G(B[0;7m^E(B[m End[72;235H(B[0;7m^N(B[m Next Line[253G(B[0;7mM-+(B[m Scroll Down   (B[0;7m^▼(B[m Next Block     (B[0;7mM-)(B[m End of Par    (B[0;7m^V(B[m Next Page[325G(B[0;7mM-/(B[m Last Line     (B[0;7mM-▶(B[m Next File[70d[3d[?12l[?25h[?25l[70d[J[72;363H[?12l[?25h[72;1H[?1049l[23;0;0t[?1l>schradt@linux-09:~/csci241/lab-1-Travis-Schrader$ git mv username.txt user.txt
schradt@linux-09:~/csci241/lab-1-Travis-Schrader$ ls
build.gradle  settings.gradle  src  user.txt  writeup.txt
schradt@linux-09:~/csci241/lab-1-Travis-Schrader$ git mv user.txt username.txt
schradt@linux-09:~/csci241/lab-1-Travis-Schrader$ ls
build.gradle  settings.gradle  src  username.txt  writeup.txt
schradt@linux-09:~/csci241/lab-1-Travis-Schrader$ git blma[K[Kame
usage: git blame [<options>] [<rev-opts>] [<rev>] [--] <file>

    <rev-opts> are documented in git-rev-list(1)

    --incremental         Show blame entries as we find them, incrementally
    -b                    Show blank SHA-1 for boundary commits (Default: off)
    --root                Do not treat root commits as boundaries (Default: off)
    --show-stats          Show work cost statistics
    --progress            Force progress reporting
    --score-debug         Show output score for blame entries
    -f, --show-name       Show original filename (Default: auto)
    -n, --show-number     Show original linenumber (Default: off)
    -p, --porcelain       Show in a format designed for machine consumption
    --line-porcelain      Show porcelain format with per-line commit information
    -c                    Use the same output mode as git-annotate (Default: off)
    -t                    Show raw timestamp (Default: off)
    -l                    Show long commit SHA1 (Default: off)
    -s                    Suppress author name and timestamp (Default: off)
    -e, --show-email      Show author email instead of name (Default: off)
    -w                    Ignore whitespace differences
    --indent-heuristic    Use an experimental heuristic to improve diffs
    --minimal             Spend extra cycles to find better match
    -S <file>             Use revisions from <file> instead of calling git-rev-list
    --contents <file>     Use <file>'s contents as the final image
    -C[<score>]           Find line copies within and across files
    -M[<score>]           Find line movements within and across files
    -L <n,m>              Process only line range n,m, counting from 1
    --abbrev[=<n>]        use <n> digits to display SHA-1s

schradt@linux-09:~/csci241/lab-1-Travis-Schrader$ git log
[?1h=[33mcommit f4c49afe0c97e0a9768e77d8f6db3d5ad63c8e37[m[33m ([m[1;36mHEAD -> [m[1;32mmaster[m[33m, [m[1;31morigin/master[m[33m, [m[1;31morigin/HEAD[m[33m)[m[m
Author: Travis Schrader <schradt@wwu.edu>[m
Date:   Thu Apr 9 12:46:55 2020 -0700[m
[m
    Added my identifications for wwu, github, and irl[m
[m
[33mcommit 48d4f3bb03b7d0f7256fb99cc8563ed9d5fd00a8[m[m
Author: Travis Schrader <schradt@wwu.edu>[m
Date:   Thu Apr 9 12:43:07 2020 -0700[m
[m
    Added my quarantine hobby[m
[m
[33mcommit db97733979af1da0ff2674d79f31976de68bade8[m[m
Author: Travis Schrader <schradt@wwu.edu>[m
Date:   Thu Apr 9 12:37:00 2020 -0700[m
[m
    Added part 1 name: Travis Schrader, to writeup[m
[m
[33mcommit ea93273bd204e985b51ea34b5cb85dc1c0fcb82c[m[m
Author: Travis Schrader <schradt@wwu.edu>[m
Date:   Thu Apr 9 12:32:12 2020 -0700[m
[m
    Added empty writeup[m
[m
[33mcommit 60d6e9926f16977a641d249bb35b6943133d929b[m[m
Author: swehrwein <swehrwein@gmail.com>[m
Date:   Tue Apr 7 15:11:33 2020 -0700[m
[m
    Setting up GitHub Classroom Feedback[m
[m
[33mcommit f20942de75f5a0b55e528f7a3e04257070a8b65c[m[33m ([m[1;31morigin/feedback[m[33m)[m[m
Author: swehrwein <swehrwein@gmail.com>[m
Date:   Tue Apr 7 15:11:31 2020 -0700[m
[m
    Setting up GitHub Classroom Feedback[m
[m
[33mcommit 57b18db5525cd9ef6a84a2320d4b8404c612562c[m[m
Author: swehrwein <swehrwein@gmail.com>[m
Date:   Tue Apr 7 15:11:30 2020 -0700[m
[m
    Initial commit[m
[K[?1l>schradt@linux-09:~/csci241/lab-1-Travis-Schrader$ git diff
[?1h=[K[?1l>schradt@linux-09:~/csci241/lab-1-Travis-Schrader$ git [K[K[K[Ktouch dummy.txt
schradt@linux-09:~/csci241/lab-1-Travis-Schrader$ rm dummy.txt
schradt@linux-09:~/csci241/lab-1-Travis-Schrader$ ls
build.gradle  settings.gradle  src  username.txt  writeup.txt
schradt@linux-09:~/csci241/lab-1-Travis-Schrader$ nasno[K[K[Kno writeup.txt
[?1049h[22;0;0t[1;72r(B[m[4l[?7h[39;49m[?1h=[?1h=[?1h=[?25l[39;49m(B[m[H[2J[70;174H(B[0;7m[ Reading File ](B[m[70;180H(B[0;7m 2 lines ](B[m[H(B[0;7m  GNU nano 2.9.3                                                                                                                                                                   writeup.txt                                                                                                                                                                             [1;362H(B[m[71d(B[0;7m^G(B[m Get Help[19G(B[0;7m^O(B[m Write Out[37G(B[0;7m^W(B[m Where Is[55G(B[0;7m^K(B[m Cut Text[73G(B[0;7m^J(B[m Justify[71;91H(B[0;7m^C(B[m Cur Pos[71;109H(B[0;7mM-U(B[m Undo[71;127H(B[0;7mM-A(B[m Mark Text     (B[0;7mM-](B[m To Bracket    (B[0;7mM-▲(B[m Previous[181G(B[0;7m^B(B[m Back[71;199H(B[0;7m^◀(B[m Prev Word[217G(B[0;7m^A(B[m Home[71;235H(B[0;7m^P(B[m Prev Line[253G(B[0;7mM--(B[m Scroll Up     (B[0;7m^▲(B[m Prev Block     (B[0;7mM-((B[m Beg of Par    (B[0;7m^Y(B[m Prev Page[325G(B[0;7mM-\(B[m First Line    (B[0;7mM-◀(B[m Prev File[72d(B[0;7m^X(B[m Exit[72;19H(B[0;7m^R(B[m Read File[37G(B[0;7m^\(B[m Replace[72;55H(B[0;7m^U(B[m Uncut Text     (B[0;7m^T(B[m To Spell[91G(B[0;7m^_(B[m Go To Line     (B[0;7mM-E(B[m Redo[72;127H(B[0;7mM-6(B[m Copy Text     (B[0;7mM-W(B[m WhereIs Next  (B[0;7mM-▼(B[m Next[72;181H(B[0;7m^F(B[m Forward[72;199H(B[0;7m^▶(B[m Next Word[217G(B[0;7m^E(B[m End[72;235H(B[0;7m^N(B[m Next Line[253G(B[0;7mM-+(B[m Scroll Down   (B[0;7m^▼(B[m Next Block     (B[0;7mM-)(B[m End of Par    (B[0;7m^V(B[m Next Page[325G(B[0;7mM-/(B[m Last Line     (B[0;7mM-▶(B[m Next File[70d[3d[39;49m(B[mTravis Schrader[4dHobby: Grinding runescape during this quarantine[A[?12l[?25h[?25l[?12l[?25h[?25l[4d[?12l[?25h[?25l[5d[?12l[?25h[?25l[1;354H(B[0;7mModified(B[m[5dy[?12l[?25h[?25lo[?12l[?25h[?25lo[?12l[?25h[?25lo[?12l[?25h[?25lo[?12l[?25h[?25lo[?12l[?25h[?25lo[?12l[?25h[?25lo[?12l[?25h[?25l[71;19H            [37G           [55G           [73G          [71;91H(B[0;7mM-D(B[m DOS Format            [71;127H[48X[71;181H(B[0;7mM-A(B[m Append[71;199H            [217G       [71;235H            [253G[18X[71;271H(B[0;7mM-B(B[m Backup File[K[72;2H(B[0;7mC(B[m Cancel[72;19H            [37G          [72;55H[29X[72;91H(B[0;7mM-M(B[m Mac Format            [72;127H[44X[72;181H(B[0;7mM-P(B[m Prepend[199G            [217G      [72;235H            [253G[18X[72;271H(B[0;7m^T(B[m To Files[K[70d(B[0;7mFile Name to Write: writeup.txt                                                                                                                                                                                                                                                                                                                                            [70;1H(B[m[70;32H[?12l[?25h[?25l[K[1;362H[1;354H(B[0;7m        (B[m[70;174H(B[0;7m[ Wrote 3 lines ](B[m[71;19H(B[0;7m^O(B[m Write Out[37G(B[0;7m^W(B[m Where Is[55G(B[0;7m^K(B[m Cut Text[73G(B[0;7m^J(B[m Justify[71;91H(B[0;7m^C(B[m Cur Pos        (B[0;7mM-U(B[m Undo[71;127H(B[0;7mM-A(B[m Mark Text     (B[0;7mM-](B[m To Bracket    (B[0;7mM-▲(B[m Previous[181G(B[0;7m^B(B[m Back   [71;199H(B[0;7m^◀(B[m Prev Word[217G(B[0;7m^A(B[m Home[71;235H(B[0;7m^P(B[m Prev Line[253G(B[0;7mM--(B[m Scroll Up     (B[0;7m^▲(B[m Prev Block     (B[0;7mM-((B[m Beg of Par    (B[0;7m^Y(B[m Prev Page[325G(B[0;7mM-\(B[m First Line    (B[0;7mM-◀(B[m Prev File[72;2H(B[0;7mX(B[m Exit  [72;19H(B[0;7m^R(B[m Read File[37G(B[0;7m^\(B[m Replace[72;55H(B[0;7m^U(B[m Uncut Text     (B[0;7m^T(B[m To Spell[91G(B[0;7m^_(B[m Go To Line     (B[0;7mM-E(B[m Redo[72;127H(B[0;7mM-6(B[m Copy Text     (B[0;7mM-W(B[m WhereIs Next  (B[0;7mM-▼(B[m Next[72;181H(B[0;7m^F(B[m Forward [199G(B[0;7m^▶(B[m Next Word[217G(B[0;7m^E(B[m End[72;235H(B[0;7m^N(B[m Next Line[253G(B[0;7mM-+(B[m Scroll Down   (B[0;7m^▼(B[m Next Block     (B[0;7mM-)(B[m End of Par    (B[0;7m^V(B[m Next Page[325G(B[0;7mM-/(B[m Last Line     (B[0;7mM-▶(B[m Next File[70d[5;9H[?12l[?25h[?25l[70d[J[72;363H[?12l[?25h[72;1H[?1049l[23;0;0t[?1l>schradt@linux-09:~/csci241/lab-1-Travis-Schrader$ git diff
[?1h=[1mdiff --git a/writeup.txt b/writeup.txt[m[m
[1mindex 3864934..2ae0c83 100644[m[m
[1m--- a/writeup.txt[m[m
[1m+++ b/writeup.txt[m[m
[36m@@ -1,2 +1,3 @@[m[m
 Travis Schrader[m[m
 Hobby: Grinding runescape during this quarantine [m[m
[32m+[m[32myooooooo[m[m
[K[?1l>schradt@linux-09:~/csci241/lab-1-Travis-Schrader$ git comit -m "checking out git diff" 
git: 'comit' is not a git command. See 'git --help'.

The most similar command is
	commit
schradt@linux-09:~/csci241/lab-1-Travis-Schrader$ git comit -m "checking out git diff" [C[1@m
On branch master
Your branch is up to date with 'origin/master'.

Changes not staged for commit:
	[31mmodified:   writeup.txt[m

no changes added to commit
schradt@linux-09:~/csci241/lab-1-Travis-Schrader$ git diff
[?1h=[1mdiff --git a/writeup.txt b/writeup.txt[m[m
[1mindex 3864934..2ae0c83 100644[m[m
[1m--- a/writeup.txt[m[m
[1m+++ b/writeup.txt[m[m
[36m@@ -1,2 +1,3 @@[m[m
 Travis Schrader[m[m
 Hobby: Grinding runescape during this quarantine [m[m
[32m+[m[32myooooooo[m[m
[K[?1l>schradt@linux-09:~/csci241/lab-1-Travis-Schrader$ nano writeup.txt
[?1049h[22;0;0t[1;72r(B[m[4l[?7h[39;49m[?1h=[?1h=[?1h=[?25l[39;49m(B[m[H[2J[70;174H(B[0;7m[ Reading File ](B[m[70;180H(B[0;7m 3 lines ](B[m[H(B[0;7m  GNU nano 2.9.3                                                                                                                                                                   writeup.txt                                                                                                                                                                             [1;362H(B[m[71d(B[0;7m^G(B[m Get Help[19G(B[0;7m^O(B[m Write Out[37G(B[0;7m^W(B[m Where Is[55G(B[0;7m^K(B[m Cut Text[73G(B[0;7m^J(B[m Justify[71;91H(B[0;7m^C(B[m Cur Pos[71;109H(B[0;7mM-U(B[m Undo[71;127H(B[0;7mM-A(B[m Mark Text     (B[0;7mM-](B[m To Bracket    (B[0;7mM-▲(B[m Previous[181G(B[0;7m^B(B[m Back[71;199H(B[0;7m^◀(B[m Prev Word[217G(B[0;7m^A(B[m Home[71;235H(B[0;7m^P(B[m Prev Line[253G(B[0;7mM--(B[m Scroll Up     (B[0;7m^▲(B[m Prev Block     (B[0;7mM-((B[m Beg of Par    (B[0;7m^Y(B[m Prev Page[325G(B[0;7mM-\(B[m First Line    (B[0;7mM-◀(B[m Prev File[72d(B[0;7m^X(B[m Exit[72;19H(B[0;7m^R(B[m Read File[37G(B[0;7m^\(B[m Replace[72;55H(B[0;7m^U(B[m Uncut Text     (B[0;7m^T(B[m To Spell[91G(B[0;7m^_(B[m Go To Line     (B[0;7mM-E(B[m Redo[72;127H(B[0;7mM-6(B[m Copy Text     (B[0;7mM-W(B[m WhereIs Next  (B[0;7mM-▼(B[m Next[72;181H(B[0;7m^F(B[m Forward[72;199H(B[0;7m^▶(B[m Next Word[217G(B[0;7m^E(B[m End[72;235H(B[0;7m^N(B[m Next Line[253G(B[0;7mM-+(B[m Scroll Down   (B[0;7m^▼(B[m Next Block     (B[0;7mM-)(B[m End of Par    (B[0;7m^V(B[m Next Page[325G(B[0;7mM-/(B[m Last Line     (B[0;7mM-▶(B[m Next File[70d[3d[39;49m(B[mTravis Schrader[4dHobby: Grinding runescape during this quarantine[5dyooooooo[3d[?12l[?25h[?25l[4d[?12l[?25h[?25lH[?12l[?25h[?25l[5d[?12l[?25h[?25lo[?12l[?25h[?25lo[?12l[?25h[?25lo[?12l[?25h[?25lo[?12l[?25h[?25lo[?12l[?25h[?25lo[?12l[?25h[?25lo[?12l[?25h[?25l[6d[?12l[?25h[?25l[?12l[?25h[?25l[A[?12l[?25h[?25ly[?12l[?25h[?25l[?12l[?25h[?25l[4;50H[?12l[?25h[?25l[5;9H[?12l[?25h[?25l[1;354H(B[0;7mModified(B[m[5;8H [?12l[?25h[?25l [?12l[?25h[?25l [?12l[?25h[?25l [?12l[?25h[?25l [?12l[?25h[?25l [?12l[?25h[?25l [?12l[?25h[?25l[K[?12l[?25h[?25l[70d[K[4;50H[?12l[?25h[?25l[70d(B[0;7mSave modified buffer?  (Answering "No" will DISCARD changes.)                                                                                                                                                                                                                                                                                                              [71;1H Y(B[m Yes[K[72d(B[0;7m N(B[m No  [72;17H(B[0;7m^C(B[m Cancel[K[70;63H[?12l[?25h[?25l[J[72;363H[?12l[?25h[72;1H[?1049l[23;0;0t[?1l>schradt@linux-09:~/csci241/lab-1-Travis-Schrader$ git add writeup.txt
schradt@linux-09:~/csci241/lab-1-Travis-Schrader$ git add writeup.txt[3Pnano[C[C[C[C[C[C[C[C[C[C[C[C[8Pgit diffcommit -m "checking out git diff" 
[master 701a0da] checking out git diff
 1 file changed, 1 insertion(+)
schradt@linux-09:~/csci241/lab-1-Travis-Schrader$ git push
Username for 'https://github.com': Travis-Schrader
Password for 'https://Travis-Schrader@github.com': 
Counting objects: 3, done.
Delta compression using up to 8 threads.
Compressing objects:  33% (1/3)   Compressing objects:  66% (2/3)   Compressing objects: 100% (3/3)   Compressing objects: 100% (3/3), done.
Writing objects:  33% (1/3)   Writing objects:  66% (2/3)   Writing objects: 100% (3/3)   Writing objects: 100% (3/3), 288 bytes | 288.00 KiB/s, done.
Total 3 (delta 2), reused 0 (delta 0)
remote: Resolving deltas:   0% (0/2)[Kremote: Resolving deltas:  50% (1/2)[Kremote: Resolving deltas: 100% (2/2)[Kremote: Resolving deltas: 100% (2/2), completed with 2 local objects.[K
To https://github.com/csci241-20s/lab-1-Travis-Schrader.git
   f4c49af..701a0da  master -> master
schradt@linux-09:~/csci241/lab-1-Travis-Schrader$ git diff
[?1h=[K[?1l>schradt@linux-09:~/csci241/lab-1-Travis-Schrader$ git checkout
Your branch is up to date with 'origin/master'.
schradt@linux-09:~/csci241/lab-1-Travis-Schrader$ nano writeup.txt
[?1049h[22;0;0t[1;72r(B[m[4l[?7h[39;49m[?1h=[?1h=[?1h=[?25l[39;49m(B[m[H[2J[70;174H(B[0;7m[ Reading File ](B[m[70;180H(B[0;7m 3 lines ](B[m[H(B[0;7m  GNU nano 2.9.3                                                                                                                                                                   writeup.txt                                                                                                                                                                             [1;362H(B[m[71d(B[0;7m^G(B[m Get Help[19G(B[0;7m^O(B[m Write Out[37G(B[0;7m^W(B[m Where Is[55G(B[0;7m^K(B[m Cut Text[73G(B[0;7m^J(B[m Justify[71;91H(B[0;7m^C(B[m Cur Pos[71;109H(B[0;7mM-U(B[m Undo[71;127H(B[0;7mM-A(B[m Mark Text     (B[0;7mM-](B[m To Bracket    (B[0;7mM-▲(B[m Previous[181G(B[0;7m^B(B[m Back[71;199H(B[0;7m^◀(B[m Prev Word[217G(B[0;7m^A(B[m Home[71;235H(B[0;7m^P(B[m Prev Line[253G(B[0;7mM--(B[m Scroll Up     (B[0;7m^▲(B[m Prev Block     (B[0;7mM-((B[m Beg of Par    (B[0;7m^Y(B[m Prev Page[325G(B[0;7mM-\(B[m First Line    (B[0;7mM-◀(B[m Prev File[72d(B[0;7m^X(B[m Exit[72;19H(B[0;7m^R(B[m Read File[37G(B[0;7m^\(B[m Replace[72;55H(B[0;7m^U(B[m Uncut Text     (B[0;7m^T(B[m To Spell[91G(B[0;7m^_(B[m Go To Line     (B[0;7mM-E(B[m Redo[72;127H(B[0;7mM-6(B[m Copy Text     (B[0;7mM-W(B[m WhereIs Next  (B[0;7mM-▼(B[m Next[72;181H(B[0;7m^F(B[m Forward[72;199H(B[0;7m^▶(B[m Next Word[217G(B[0;7m^E(B[m End[72;235H(B[0;7m^N(B[m Next Line[253G(B[0;7mM-+(B[m Scroll Down   (B[0;7m^▼(B[m Next Block     (B[0;7mM-)(B[m End of Par    (B[0;7m^V(B[m Next Page[325G(B[0;7mM-/(B[m Last Line     (B[0;7mM-▶(B[m Next File[70d[3d[39;49m(B[mTravis Schrader[4dHobby: Grinding runescape during this quarantine[5dyooooooo[3d[?12l[?25h[?25l[4d[?12l[?25h[?25lH[?12l[?25h[?25l[5d[?12l[?25h[?25lo[?12l[?25h[?25lo[?12l[?25h[?25lo[?12l[?25h[?25lo[?12l[?25h[?25lo[?12l[?25h[?25lo[?12l[?25h[?25lo[?12l[?25h[?25l[1;354H(B[0;7mModified(B[m[5;8H [?12l[?25h[?25l [?12l[?25h[?25l [?12l[?25h[?25l [?12l[?25h[?25l [?12l[?25h[?25l [?12l[?25h[?25l [?12l[?25h[?25l[K[?12l[?25h[?25l[4;50H[?12l[?25h[?25l[71;19H            [37G           [55G           [73G          [71;91H(B[0;7mM-D(B[m DOS Format            [71;127H[48X[71;181H(B[0;7mM-A(B[m Append[71;199H            [217G       [71;235H            [253G[18X[71;271H(B[0;7mM-B(B[m Backup File[K[72;2H(B[0;7mC(B[m Cancel[72;19H            [37G          [72;55H[29X[72;91H(B[0;7mM-M(B[m Mac Format            [72;127H[44X[72;181H(B[0;7mM-P(B[m Prepend[199G            [217G      [72;235H            [253G[18X[72;271H(B[0;7m^T(B[m To Files[K[70d(B[0;7mFile Name to Write: writeup.txt                                                                                                                                                                                                                                                                                                                                            [70;1H(B[m[70;32H[?12l[?25h[?25l[K[1;362H[1;354H(B[0;7m        (B[m[70;174H(B[0;7m[ Wrote 2 lines ](B[m[71;19H(B[0;7m^O(B[m Write Out[37G(B[0;7m^W(B[m Where Is[55G(B[0;7m^K(B[m Cut Text[73G(B[0;7m^J(B[m Justify[71;91H(B[0;7m^C(B[m Cur Pos        (B[0;7mM-U(B[m Undo[71;127H(B[0;7mM-A(B[m Mark Text     (B[0;7mM-](B[m To Bracket    (B[0;7mM-▲(B[m Previous[181G(B[0;7m^B(B[m Back   [71;199H(B[0;7m^◀(B[m Prev Word[217G(B[0;7m^A(B[m Home[71;235H(B[0;7m^P(B[m Prev Line[253G(B[0;7mM--(B[m Scroll Up     (B[0;7m^▲(B[m Prev Block     (B[0;7mM-((B[m Beg of Par    (B[0;7m^Y(B[m Prev Page[325G(B[0;7mM-\(B[m First Line    (B[0;7mM-◀(B[m Prev File[72;2H(B[0;7mX(B[m Exit  [72;19H(B[0;7m^R(B[m Read File[37G(B[0;7m^\(B[m Replace[72;55H(B[0;7m^U(B[m Uncut Text     (B[0;7m^T(B[m To Spell[91G(B[0;7m^_(B[m Go To Line     (B[0;7mM-E(B[m Redo[72;127H(B[0;7mM-6(B[m Copy Text     (B[0;7mM-W(B[m WhereIs Next  (B[0;7mM-▼(B[m Next[72;181H(B[0;7m^F(B[m Forward [199G(B[0;7m^▶(B[m Next Word[217G(B[0;7m^E(B[m End[72;235H(B[0;7m^N(B[m Next Line[253G(B[0;7mM-+(B[m Scroll Down   (B[0;7m^▼(B[m Next Block     (B[0;7mM-)(B[m End of Par    (B[0;7m^V(B[m Next Page[325G(B[0;7mM-/(B[m Last Line     (B[0;7mM-▶(B[m Next File[70d[4;50H[?12l[?25h[?25l[70d[J[72;363H[?12l[?25h[72;1H[?1049l[23;0;0t[?1l>schradt@linux-09:~/csci241/lab-1-Travis-Schrader$ git add writeup.txt
schradt@linux-09:~/csci241/lab-1-Travis-Schrader$ git commit -m "Changed writeup.txt back [K" 
[master 5b29ab5] Changed writeup.txt back
 1 file changed, 1 deletion(-)
schradt@linux-09:~/csci241/lab-1-Travis-Schrader$ git push
Username for 'https://github.com': Travb is-Schrader
Password for 'https://Travis-Schrader@github.com': 
Counting objects: 3, done.
Delta compression using up to 8 threads.
Compressing objects:  33% (1/3)   Compressing objects:  66% (2/3)   Compressing objects: 100% (3/3)   Compressing objects: 100% (3/3), done.
Writing objects:  33% (1/3)   Writing objects:  66% (2/3)   Writing objects: 100% (3/3)   Writing objects: 100% (3/3), 288 bytes | 288.00 KiB/s, done.
Total 3 (delta 2), reused 0 (delta 0)
remote: Resolving deltas:   0% (0/2)[Kremote: Resolving deltas:  50% (1/2)[Kremote: Resolving deltas: 100% (2/2)[Kremote: Resolving deltas: 100% (2/2), completed with 2 local objects.[K
To https://github.com/csci241-20s/lab-1-Travis-Schrader.git
   701a0da..5b29ab5  master -> master
schradt@linux-09:~/csci241/lab-1-Travis-Schrader$ git blame writeup.txt
[?1h=db977339 (Travis Schrader 2020-04-09 12:37:00 -0700 1) Travis Schrader[m
48d4f3bb (Travis Schrader 2020-04-09 12:43:07 -0700 2) Hobby: Grinding runescape during this quarantine [m
[K[?1l>schradt@linux-09:~/csci241/lab-1-Travis-Schrader$ ls
build.gradle  settings.gradle  src  username.txt  writeup.txt
schradt@linux-09:~/csci241/lab-1-Travis-Schrader$ touch dummy.txt
schradt@linux-09:~/csci241/lab-1-Travis-Schrader$ git add t[Kdummy.txt
schradt@linux-09:~/csci241/lab-1-Travis-Schrader$ git commit -m "Filed to [K[K[K[K[K to remove" 
[master 31acd88] File to remove
 1 file changed, 0 insertions(+), 0 deletions(-)
 create mode 100644 dummy.txt
schradt@linux-09:~/csci241/lab-1-Travis-Schrader$ git push
Username for 'https://github.com': Travis-Schrader
Password for 'https://Travis-Schrader@github.com': 
Counting objects: 2, done.
Delta compression using up to 8 threads.
Compressing objects:  50% (1/2)   Compressing objects: 100% (2/2)   Compressing objects: 100% (2/2), done.
Writing objects:  50% (1/2)   Writing objects: 100% (2/2)   Writing objects: 100% (2/2), 260 bytes | 260.00 KiB/s, done.
Total 2 (delta 1), reused 0 (delta 0)
remote: Resolving deltas:   0% (0/1)[Kremote: Resolving deltas: 100% (1/1)[Kremote: Resolving deltas: 100% (1/1), completed with 1 local object.[K
To https://github.com/csci241-20s/lab-1-Travis-Schrader.git
   5b29ab5..31acd88  master -> master
schradt@linux-09:~/csci241/lab-1-Travis-Schrader$ git rm dummy.txt
rm 'dummy.txt'
schradt@linux-09:~/csci241/lab-1-Travis-Schrader$ ls
build.gradle  settings.gradle  src  username.txt  writeup.txt
schradt@linux-09:~/csci241/lab-1-Travis-Schrader$ git push
Username for 'https://github.com': Travis-Schrader
Password for 'https://Travis-Schrader@github.com': 
Everything up-to-date
schradt@linux-09:~/csci241/lab-1-Travis-Schrader$ git rm 'dummy.txt'
fatal: pathspec 'dummy.txt' did not match any files
schradt@linux-09:~/csci241/lab-1-Travis-Schrader$ git stay[Ktus
On branch master
Your branch is up to date with 'origin/master'.

Changes to be committed:
  (use "git reset HEAD <file>..." to unstage)

	[32mdeleted:    dummy.txt[m

schradt@linux-09:~/csci241/lab-1-Travis-Schrader$ git commit -m "Deleted dummy.txt" 
[master 37ef550] Deleted dummy.txt
 1 file changed, 0 insertions(+), 0 deletions(-)
 delete mode 100644 dummy.txt
schradt@linux-09:~/csci241/lab-1-Travis-Schrader$ git push
Username for 'https://github.com': Travis-Schrader
Password for 'https://Travis-Schrader@github.com': 
Counting objects: 2, done.
Delta compression using up to 8 threads.
Compressing objects:  50% (1/2)   Compressing objects: 100% (2/2)   Compressing objects: 100% (2/2), done.
Writing objects:  50% (1/2)   Writing objects: 100% (2/2)   Writing objects: 100% (2/2), 230 bytes | 230.00 KiB/s, done.
Total 2 (delta 1), reused 0 (delta 0)
remote: Resolving deltas:   0% (0/1)[Kremote: Resolving deltas: 100% (1/1)[Kremote: Resolving deltas: 100% (1/1), completed with 1 local object.[K
To https://github.com/csci241-20s/lab-1-Travis-Schrader.git
   31acd88..37ef550  master -> master
schradt@linux-09:~/csci241/lab-1-Travis-Schrader$ it c[K[K[K[Kgit[K[K[Kg[Kgit checkout -b "[Kquestion3
Switched to a new branch 'question3'
schradt@linux-09:~/csci241/lab-1-Travis-Schrader$ nano writeup.txt
[?1049h[22;0;0t[1;72r(B[m[4l[?7h[39;49m[?1h=[?1h=[?1h=[?25l[39;49m(B[m[H[2J[70;174H(B[0;7m[ Reading File ](B[m[70;180H(B[0;7m 2 lines ](B[m[H(B[0;7m  GNU nano 2.9.3                                                                                                                                                                   writeup.txt                                                                                                                                                                             [1;362H(B[m[71d(B[0;7m^G(B[m Get Help[19G(B[0;7m^O(B[m Write Out[37G(B[0;7m^W(B[m Where Is[55G(B[0;7m^K(B[m Cut Text[73G(B[0;7m^J(B[m Justify[71;91H(B[0;7m^C(B[m Cur Pos[71;109H(B[0;7mM-U(B[m Undo[71;127H(B[0;7mM-A(B[m Mark Text     (B[0;7mM-](B[m To Bracket    (B[0;7mM-▲(B[m Previous[181G(B[0;7m^B(B[m Back[71;199H(B[0;7m^◀(B[m Prev Word[217G(B[0;7m^A(B[m Home[71;235H(B[0;7m^P(B[m Prev Line[253G(B[0;7mM--(B[m Scroll Up     (B[0;7m^▲(B[m Prev Block     (B[0;7mM-((B[m Beg of Par    (B[0;7m^Y(B[m Prev Page[325G(B[0;7mM-\(B[m First Line    (B[0;7mM-◀(B[m Prev File[72d(B[0;7m^X(B[m Exit[72;19H(B[0;7m^R(B[m Read File[37G(B[0;7m^\(B[m Replace[72;55H(B[0;7m^U(B[m Uncut Text     (B[0;7m^T(B[m To Spell[91G(B[0;7m^_(B[m Go To Line     (B[0;7mM-E(B[m Redo[72;127H(B[0;7mM-6(B[m Copy Text     (B[0;7mM-W(B[m WhereIs Next  (B[0;7mM-▼(B[m Next[72;181H(B[0;7m^F(B[m Forward[72;199H(B[0;7m^▶(B[m Next Word[217G(B[0;7m^E(B[m End[72;235H(B[0;7m^N(B[m Next Line[253G(B[0;7mM-+(B[m Scroll Down   (B[0;7m^▼(B[m Next Block     (B[0;7mM-)(B[m End of Par    (B[0;7m^V(B[m Next Page[325G(B[0;7mM-/(B[m Last Line     (B[0;7mM-▶(B[m Next File[70d[3d[39;49m(B[mTravis Schrader[4dHobby: Grinding runescape during this quarantine[A[?12l[?25h[?25l[4d[?12l[?25h[?25l[5d[?12l[?25h[?25l[1;354H(B[0;7mModified(B[m[5dF[?12l[?25h[?25la[?12l[?25h[?25lv[?12l[?25h[?25lo[?12l[?25h[?25lr[?12l[?25h[?25li[?12l[?25h[?25lt[?12l[?25h[?25le[?12l[?25h[?25l [?12l[?25h[?25lS[?12l[?25h[?25l [?12l[?25h[?25ls[?12l[?25h[?25lo[?12l[?25h[?25ln[?12l[?25h[?25lg[?12l[?25h[?25l:[?12l[?25h[?25l [?12l[?25h[?25l[?12l[?25h[?25l[?12l[?25h[?25l[?12l[?25h[?25l[?12l[?25h[?25l[?12l[?25h[?25long:[K[?12l[?25h[?25lSong:[70d[K[5;11H[?12l[?25h[?25lo[?12l[?25h[?25ln[?12l[?25h[?25lg[?12l[?25h[?25l:[?12l[?25h[?25l [?12l[?25h[?25lS[?12l[?25h[?25lu[?12l[?25h[?25ln[?12l[?25h[?25ld[?12l[?25h[?25la[?12l[?25h[?25ly[?12l[?25h[?25ls[?12l[?25h[?25l [?12l[?25h[?25lB[?12l[?25h[?25le[?12l[?25h[?25ls[?12l[?25h[?25lt[?12l[?25h[?25l [?12l[?25h[?25lb[?12l[?25h[?25ly[?12l[?25h[?25l [?12l[?25h[?25lS[?12l[?25h[?25lu[?12l[?25h[?25lr[?12l[?25h[?25lf[?12l[?25h[?25la[?12l[?25h[?25lc[?12l[?25h[?25le[?12l[?25h[?25ls[?12l[?25h[?25l[71;19H            [37G           [55G           [73G          [71;91H(B[0;7mM-D(B[m DOS Format            [71;127H[48X[71;181H(B[0;7mM-A(B[m Append[71;199H            [217G       [71;235H            [253G[18X[71;271H(B[0;7mM-B(B[m Backup File[K[72;2H(B[0;7mC(B[m Cancel[72;19H            [37G          [72;55H[29X[72;91H(B[0;7mM-M(B[m Mac Format            [72;127H[44X[72;181H(B[0;7mM-P(B[m Prepend[199G            [217G      [72;235H            [253G[18X[72;271H(B[0;7m^T(B[m To Files[K[70d(B[0;7mFile Name to Write: writeup.txt                                                                                                                                                                                                                                                                                                                                            [70;1H(B[m[70;32H[?12l[?25h[?25l[K[1;362H[1;354H(B[0;7m        (B[m[70;174H(B[0;7m[ Wrote 3 lines ](B[m[71;19H(B[0;7m^O(B[m Write Out[37G(B[0;7m^W(B[m Where Is[55G(B[0;7m^K(B[m Cut Text[73G(B[0;7m^J(B[m Justify[71;91H(B[0;7m^C(B[m Cur Pos        (B[0;7mM-U(B[m Undo[71;127H(B[0;7mM-A(B[m Mark Text     (B[0;7mM-](B[m To Bracket    (B[0;7mM-▲(B[m Previous[181G(B[0;7m^B(B[m Back   [71;199H(B[0;7m^◀(B[m Prev Word[217G(B[0;7m^A(B[m Home[71;235H(B[0;7m^P(B[m Prev Line[253G(B[0;7mM--(B[m Scroll Up     (B[0;7m^▲(B[m Prev Block     (B[0;7mM-((B[m Beg of Par    (B[0;7m^Y(B[m Prev Page[325G(B[0;7mM-\(B[m First Line    (B[0;7mM-◀(B[m Prev File[72;2H(B[0;7mX(B[m Exit  [72;19H(B[0;7m^R(B[m Read File[37G(B[0;7m^\(B[m Replace[72;55H(B[0;7m^U(B[m Uncut Text     (B[0;7m^T(B[m To Spell[91G(B[0;7m^_(B[m Go To Line     (B[0;7mM-E(B[m Redo[72;127H(B[0;7mM-6(B[m Copy Text     (B[0;7mM-W(B[m WhereIs Next  (B[0;7mM-▼(B[m Next[72;181H(B[0;7m^F(B[m Forward [199G(B[0;7m^▶(B[m Next Word[217G(B[0;7m^E(B[m End[72;235H(B[0;7m^N(B[m Next Line[253G(B[0;7mM-+(B[m Scroll Down   (B[0;7m^▼(B[m Next Block     (B[0;7mM-)(B[m End of Par    (B[0;7m^V(B[m Next Page[325G(B[0;7mM-/(B[m Last Line     (B[0;7mM-▶(B[m Next File[70d[5;40H[?12l[?25h[?25l[70d[J[72;363H[?12l[?25h[72;1H[?1049l[23;0;0t[?1l>schradt@linux-09:~/csci241/lab-1-Travis-Schrader$ git add writeup.txt
schradt@linux-09:~/csci241/lab-1-Travis-Schrader$ git commit -m "Added my favorite song and who [K[K[K[K[K[K[K[Kand cr[K[Karit[K[Ktist" 
[question3 d3d2a69] Added my favorite song and artist
 1 file changed, 1 insertion(+)
schradt@linux-09:~/csci241/lab-1-Travis-Schrader$ git push[K[K[K[K[K[K[K[Kgit merge question3
Already up to date.
schradt@linux-09:~/csci241/lab-1-Travis-Schrader$ git push
fatal: The current branch question3 has no upstream branch.
To push the current branch and set the remote as upstream, use

    git push --set-upstream origin question3

schradt@linux-09:~/csci241/lab-1-Travis-Schrader$  [Kschradt@linux-09:~/csci241/lab-1-Travis-Schrader$  [Kschradt@linux-09:~/csci241/lab-1-Travis-Schrader$  git push [K
schradt@linux-09:~/csci241/lab-1-Travis-Schrader$ 
schradt@linux-09:~/csci241/lab-1-Travis-Schrader$ 
schradt@linux-09:~/csci241/lab-1-Travis-Schrader$ 
schradt@linux-09:~/csci241/lab-1-Travis-Schrader$ 
schradt@linux-09:~/csci241/lab-1-Travis-Schrader$ 
schradt@linux-09:~/csci241/lab-1-Travis-Schrader$ 
schradt@linux-09:~/csci241/lab-1-Travis-Schrader$ 
schradt@linux-09:~/csci241/lab-1-Travis-Schrader$ [Kschradt@linux-09:~/csci241/lab-1-Travis-Schrader$ git [K[K[K[Knano wr[K[K[Kschradt@linux-09:~/csci241/lab-1-Travis-Schrader$ nano [K[K[K[K[Kgit status
On branch question3
nothing to commit, working tree clean
schradt@linux-09:~/csci241/lab-1-Travis-Schrader$ nano writeup.txt
[?1049h[22;0;0t[1;72r(B[m[4l[?7h[39;49m[?1h=[?1h=[?1h=[?25l[39;49m(B[m[H[2J[70;174H(B[0;7m[ Reading File ](B[m[70;180H(B[0;7m 3 lines ](B[m[H(B[0;7m  GNU nano 2.9.3                                                                                                                                                                   writeup.txt                                                                                                                                                                             [1;362H(B[m[71d(B[0;7m^G(B[m Get Help[19G(B[0;7m^O(B[m Write Out[37G(B[0;7m^W(B[m Where Is[55G(B[0;7m^K(B[m Cut Text[73G(B[0;7m^J(B[m Justify[71;91H(B[0;7m^C(B[m Cur Pos[71;109H(B[0;7mM-U(B[m Undo[71;127H(B[0;7mM-A(B[m Mark Text     (B[0;7mM-](B[m To Bracket    (B[0;7mM-▲(B[m Previous[181G(B[0;7m^B(B[m Back[71;199H(B[0;7m^◀(B[m Prev Word[217G(B[0;7m^A(B[m Home[71;235H(B[0;7m^P(B[m Prev Line[253G(B[0;7mM--(B[m Scroll Up     (B[0;7m^▲(B[m Prev Block     (B[0;7mM-((B[m Beg of Par    (B[0;7m^Y(B[m Prev Page[325G(B[0;7mM-\(B[m First Line    (B[0;7mM-◀(B[m Prev File[72d(B[0;7m^X(B[m Exit[72;19H(B[0;7m^R(B[m Read File[37G(B[0;7m^\(B[m Replace[72;55H(B[0;7m^U(B[m Uncut Text     (B[0;7m^T(B[m To Spell[91G(B[0;7m^_(B[m Go To Line     (B[0;7mM-E(B[m Redo[72;127H(B[0;7mM-6(B[m Copy Text     (B[0;7mM-W(B[m WhereIs Next  (B[0;7mM-▼(B[m Next[72;181H(B[0;7m^F(B[m Forward[72;199H(B[0;7m^▶(B[m Next Word[217G(B[0;7m^E(B[m End[72;235H(B[0;7m^N(B[m Next Line[253G(B[0;7mM-+(B[m Scroll Down   (B[0;7m^▼(B[m Next Block     (B[0;7mM-)(B[m End of Par    (B[0;7m^V(B[m Next Page[325G(B[0;7mM-/(B[m Last Line     (B[0;7mM-▶(B[m Next File[70d[3d[39;49m(B[mTravis Schrader[4dHobby: Grinding runescape during this quarantine[5dFavorite Song: Sundays Best by Surfaces[3d[?12l[?25h[?25l[71;19H            [37G           [55G           [73G          [71;91H(B[0;7mM-D(B[m DOS Format            [71;127H[48X[71;181H(B[0;7mM-A(B[m Append[71;199H            [217G       [71;235H            [253G[18X[71;271H(B[0;7mM-B(B[m Backup File[K[72;2H(B[0;7mC(B[m Cancel[72;19H            [37G          [72;55H[29X[72;91H(B[0;7mM-M(B[m Mac Format            [72;127H[44X[72;181H(B[0;7mM-P(B[m Prepend[199G            [217G      [72;235H            [253G[18X[72;271H(B[0;7m^T(B[m To Files[K[70d(B[0;7mFile Name to Write: writeup.txt                                                                                                                                                                                                                                                                                                                                            [70;1H(B[m[70;32H[?12l[?25h[?25l[K[1;362H[70;174H(B[0;7m[ Wrote 3 lines ](B[m[71;19H(B[0;7m^O(B[m Write Out[37G(B[0;7m^W(B[m Where Is[55G(B[0;7m^K(B[m Cut Text[73G(B[0;7m^J(B[m Justify[71;91H(B[0;7m^C(B[m Cur Pos        (B[0;7mM-U(B[m Undo[71;127H(B[0;7mM-A(B[m Mark Text     (B[0;7mM-](B[m To Bracket    (B[0;7mM-▲(B[m Previous[181G(B[0;7m^B(B[m Back   [71;199H(B[0;7m^◀(B[m Prev Word[217G(B[0;7m^A(B[m Home[71;235H(B[0;7m^P(B[m Prev Line[253G(B[0;7mM--(B[m Scroll Up     (B[0;7m^▲(B[m Prev Block     (B[0;7mM-((B[m Beg of Par    (B[0;7m^Y(B[m Prev Page[325G(B[0;7mM-\(B[m First Line    (B[0;7mM-◀(B[m Prev File[72;2H(B[0;7mX(B[m Exit  [72;19H(B[0;7m^R(B[m Read File[37G(B[0;7m^\(B[m Replace[72;55H(B[0;7m^U(B[m Uncut Text     (B[0;7m^T(B[m To Spell[91G(B[0;7m^_(B[m Go To Line     (B[0;7mM-E(B[m Redo[72;127H(B[0;7mM-6(B[m Copy Text     (B[0;7mM-W(B[m WhereIs Next  (B[0;7mM-▼(B[m Next[72;181H(B[0;7m^F(B[m Forward [199G(B[0;7m^▶(B[m Next Word[217G(B[0;7m^E(B[m End[72;235H(B[0;7m^N(B[m Next Line[253G(B[0;7mM-+(B[m Scroll Down   (B[0;7m^▼(B[m Next Block     (B[0;7mM-)(B[m End of Par    (B[0;7m^V(B[m Next Page[325G(B[0;7mM-/(B[m Last Line     (B[0;7mM-▶(B[m Next File[70d[3d[?12l[?25h[?25l[70d[J[72;363H[?12l[?25h[72;1H[?1049l[23;0;0t[?1l>schradt@linux-09:~/csci241/lab-1-Travis-Schrader$ git add writeup.txt
schradt@linux-09:~/csci241/lab-1-Travis-Schrader$ git commit -m "Added favorite song and artist"
On branch question3
nothing to commit, working tree clean
schradt@linux-09:~/csci241/lab-1-Travis-Schrader$ git writ[K[K[K[K[K[K[K[Knano writeup.txc[Kt
[?1049h[22;0;0t[1;72r(B[m[4l[?7h[39;49m[?1h=[?1h=[?1h=[?25l[39;49m(B[m[H[2J[70;174H(B[0;7m[ Reading File ](B[m[70;180H(B[0;7m 3 lines ](B[m[H(B[0;7m  GNU nano 2.9.3                                                                                                                                                                   writeup.txt                                                                                                                                                                             [1;362H(B[m[71d(B[0;7m^G(B[m Get Help[19G(B[0;7m^O(B[m Write Out[37G(B[0;7m^W(B[m Where Is[55G(B[0;7m^K(B[m Cut Text[73G(B[0;7m^J(B[m Justify[71;91H(B[0;7m^C(B[m Cur Pos[71;109H(B[0;7mM-U(B[m Undo[71;127H(B[0;7mM-A(B[m Mark Text     (B[0;7mM-](B[m To Bracket    (B[0;7mM-▲(B[m Previous[181G(B[0;7m^B(B[m Back[71;199H(B[0;7m^◀(B[m Prev Word[217G(B[0;7m^A(B[m Home[71;235H(B[0;7m^P(B[m Prev Line[253G(B[0;7mM--(B[m Scroll Up     (B[0;7m^▲(B[m Prev Block     (B[0;7mM-((B[m Beg of Par    (B[0;7m^Y(B[m Prev Page[325G(B[0;7mM-\(B[m First Line    (B[0;7mM-◀(B[m Prev File[72d(B[0;7m^X(B[m Exit[72;19H(B[0;7m^R(B[m Read File[37G(B[0;7m^\(B[m Replace[72;55H(B[0;7m^U(B[m Uncut Text     (B[0;7m^T(B[m To Spell[91G(B[0;7m^_(B[m Go To Line     (B[0;7mM-E(B[m Redo[72;127H(B[0;7mM-6(B[m Copy Text     (B[0;7mM-W(B[m WhereIs Next  (B[0;7mM-▼(B[m Next[72;181H(B[0;7m^F(B[m Forward[72;199H(B[0;7m^▶(B[m Next Word[217G(B[0;7m^E(B[m End[72;235H(B[0;7m^N(B[m Next Line[253G(B[0;7mM-+(B[m Scroll Down   (B[0;7m^▼(B[m Next Block     (B[0;7mM-)(B[m End of Par    (B[0;7m^V(B[m Next Page[325G(B[0;7mM-/(B[m Last Line     (B[0;7mM-▶(B[m Next File[70d[3d[39;49m(B[mTravis Schrader[4dHobby: Grinding runescape during this quarantine[5dFavorite Song: Sundays Best by Surfaces[3d[?12l[?25h[?25l[4d[?12l[?25h[?25lH[?12l[?25h[?25lo[?12l[?25h[?25lb[?12l[?25h[?25lb[?12l[?25h[?25l[5d[?12l[?25h[?25lr[?12l[?25h[?25li[?12l[?25h[?25lt[?12l[?25h[?25le[?12l[?25h[?25l [?12l[?25h[?25lS[?12l[?25h[?25lo[?12l[?25h[?25ln[?12l[?25h[?25lg[?12l[?25h[?25l:[?12l[?25h[?25l [?12l[?25h[?25l[1;354H(B[0;7mModified(B[m[5;15H  Sundays Best by Surfaces[5;17H[?12l[?25h[?25l   Sundays Best by Surfaces[5;18H[?12l[?25h[?25l[71;19H            [37G           [55G           [73G          [71;91H(B[0;7mM-D(B[m DOS Format            [71;127H[48X[71;181H(B[0;7mM-A(B[m Append[71;199H            [217G       [71;235H            [253G[18X[71;271H(B[0;7mM-B(B[m Backup File[K[72;2H(B[0;7mC(B[m Cancel[72;19H            [37G          [72;55H[29X[72;91H(B[0;7mM-M(B[m Mac Format            [72;127H[44X[72;181H(B[0;7mM-P(B[m Prepend[199G            [217G      [72;235H            [253G[18X[72;271H(B[0;7m^T(B[m To Files[K[70d(B[0;7mFile Name to Write: writeup.txt                                                                                                                                                                                                                                                                                                                                            [70;1H(B[m[70;32H[?12l[?25h[?25l[K[1;362H[1;354H(B[0;7m        (B[m[70;174H(B[0;7m[ Wrote 3 lines ](B[m[71;19H(B[0;7m^O(B[m Write Out[37G(B[0;7m^W(B[m Where Is[55G(B[0;7m^K(B[m Cut Text[73G(B[0;7m^J(B[m Justify[71;91H(B[0;7m^C(B[m Cur Pos        (B[0;7mM-U(B[m Undo[71;127H(B[0;7mM-A(B[m Mark Text     (B[0;7mM-](B[m To Bracket    (B[0;7mM-▲(B[m Previous[181G(B[0;7m^B(B[m Back   [71;199H(B[0;7m^◀(B[m Prev Word[217G(B[0;7m^A(B[m Home[71;235H(B[0;7m^P(B[m Prev Line[253G(B[0;7mM--(B[m Scroll Up     (B[0;7m^▲(B[m Prev Block     (B[0;7mM-((B[m Beg of Par    (B[0;7m^Y(B[m Prev Page[325G(B[0;7mM-\(B[m First Line    (B[0;7mM-◀(B[m Prev File[72;2H(B[0;7mX(B[m Exit  [72;19H(B[0;7m^R(B[m Read File[37G(B[0;7m^\(B[m Replace[72;55H(B[0;7m^U(B[m Uncut Text     (B[0;7m^T(B[m To Spell[91G(B[0;7m^_(B[m Go To Line     (B[0;7mM-E(B[m Redo[72;127H(B[0;7mM-6(B[m Copy Text     (B[0;7mM-W(B[m WhereIs Next  (B[0;7mM-▼(B[m Next[72;181H(B[0;7m^F(B[m Forward [199G(B[0;7m^▶(B[m Next Word[217G(B[0;7m^E(B[m End[72;235H(B[0;7m^N(B[m Next Line[253G(B[0;7mM-+(B[m Scroll Down   (B[0;7m^▼(B[m Next Block     (B[0;7mM-)(B[m End of Par    (B[0;7m^V(B[m Next Page[325G(B[0;7mM-/(B[m Last Line     (B[0;7mM-▶(B[m Next File[70d[5;18H[?12l[?25h[?25l[70d[J[72;363H[?12l[?25h[72;1H[?1049l[23;0;0t[?1l>schradt@linux-09:~/csci241/lab-1-Travis-Schrader$ git add writeup.txt
schradt@linux-09:~/csci241/lab-1-Travis-Schrader$ git commit " [KC[KSlig[K[K[K[KTrying again" 
error: pathspec 'Trying again' did not match any file(s) known to git.
schradt@linux-09:~/csci241/lab-1-Travis-Schrader$ git commit -m "Trying again" 
[question3 f1ed621] Trying again
 1 file changed, 1 insertion(+), 1 deletion(-)
schradt@linux-09:~/csci241/lab-1-Travis-Schrader$ git status
On branch question3
nothing to commit, working tree clean
schradt@linux-09:~/csci241/lab-1-Travis-Schrader$ git merge question3
Already up to date.
schradt@linux-09:~/csci241/lab-1-Travis-Schrader$ git ch[K[K[K[K[K[Kgit checkout master
Switched to branch 'master'
Your branch is up to date with 'origin/master'.
schradt@linux-09:~/csci241/lab-1-Travis-Schrader$ git merge question3
Updating 37ef550..f1ed621
Fast-forward
 writeup.txt | 1 [32m+[m
 1 file changed, 1 insertion(+)
schradt@linux-09:~/csci241/lab-1-Travis-Schrader$ git branch -d question3
Deleted branch question3 (was f1ed621).
schradt@linux-09:~/csci241/lab-1-Travis-Schrader$ nano writeup.txt
[?1049h[22;0;0t[1;72r(B[m[4l[?7h[39;49m[?1h=[?1h=[?1h=[?25l[39;49m(B[m[H[2J[70;174H(B[0;7m[ Reading File ](B[m[70;180H(B[0;7m 3 lines ](B[m[H(B[0;7m  GNU nano 2.9.3                                                                                                                                                                   writeup.txt                                                                                                                                                                             [1;362H(B[m[71d(B[0;7m^G(B[m Get Help[19G(B[0;7m^O(B[m Write Out[37G(B[0;7m^W(B[m Where Is[55G(B[0;7m^K(B[m Cut Text[73G(B[0;7m^J(B[m Justify[71;91H(B[0;7m^C(B[m Cur Pos[71;109H(B[0;7mM-U(B[m Undo[71;127H(B[0;7mM-A(B[m Mark Text     (B[0;7mM-](B[m To Bracket    (B[0;7mM-▲(B[m Previous[181G(B[0;7m^B(B[m Back[71;199H(B[0;7m^◀(B[m Prev Word[217G(B[0;7m^A(B[m Home[71;235H(B[0;7m^P(B[m Prev Line[253G(B[0;7mM--(B[m Scroll Up     (B[0;7m^▲(B[m Prev Block     (B[0;7mM-((B[m Beg of Par    (B[0;7m^Y(B[m Prev Page[325G(B[0;7mM-\(B[m First Line    (B[0;7mM-◀(B[m Prev File[72d(B[0;7m^X(B[m Exit[72;19H(B[0;7m^R(B[m Read File[37G(B[0;7m^\(B[m Replace[72;55H(B[0;7m^U(B[m Uncut Text     (B[0;7m^T(B[m To Spell[91G(B[0;7m^_(B[m Go To Line     (B[0;7mM-E(B[m Redo[72;127H(B[0;7mM-6(B[m Copy Text     (B[0;7mM-W(B[m WhereIs Next  (B[0;7mM-▼(B[m Next[72;181H(B[0;7m^F(B[m Forward[72;199H(B[0;7m^▶(B[m Next Word[217G(B[0;7m^E(B[m End[72;235H(B[0;7m^N(B[m Next Line[253G(B[0;7mM-+(B[m Scroll Down   (B[0;7m^▼(B[m Next Block     (B[0;7mM-)(B[m End of Par    (B[0;7m^V(B[m Next Page[325G(B[0;7mM-/(B[m Last Line     (B[0;7mM-▶(B[m Next File[70d[3d[39;49m(B[mTravis Schrader[4dHobby: Grinding runescape during this quarantine[5dFavorite Song:   Sundays Best by Surfaces[3d[?12l[?25h[?25l[70d[J[72;363H[?12l[?25h[72;1H[?1049l[23;0;0t[?1l>schradt@linux-09:~/csci241/lab-1-Travis-Schrader$ ls
build.gradle  settings.gradle  src  username.txt  writeup.txt
schradt@linux-09:~/csci241/lab-1-Travis-Schrader$ cd src/main/java/lab1/
schradt@linux-09:~/csci241/lab-1-Travis-Schrader/src/main/java/lab1$ ls
Hello.java
schradt@linux-09:~/csci241/lab-1-Travis-Schrader/src/main/java/lab1$ gradle he[K[KHello.java

Welcome to Gradle 6.1!

Here are the highlights of this release:
 - Dependency cache is relocatable
 - Configurable compilation order between Groovy, Java & Scala
 - New sample projects in Gradle's documentation

For more details see https://docs.gradle.org/6.1/release-notes.html

Starting a Gradle Daemon (subsequent builds will be faster)


[2A[1B[1m> Starting Daemon[m[17D[1B[1A> IDLE[0K[6D[1B[2A[1m<[0;1m-------------> 0% INITIALIZING [39ms][m[38D[1B[1m> Evaluating settings[m[21D[1B[2A[1m<[0;1m-------------> 0% INITIALIZING [140ms][m[39D[2B[2A[1m<[0;1m-------------> 0% INITIALIZING [239ms][m[39D[2B[2A[1m<[0;1m-------------> 0% INITIALIZING [340ms][m[39D[2B[2A[1m<[0;1m-------------> 0% INITIALIZING [440ms][m[39D[2B[2A[1m<[0;1m-------------> 0% INITIALIZING [540ms][m[39D[2B[2A[1m<[0;1m-------------> 0% INITIALIZING [640ms][m[39D[2B[2A[1m<[0;1m-------------> 0% INITIALIZING [739ms][m[39D[1B[1m> Evaluating settings > Compiling /home/schradt/csci241/lab-1-Travis-Schrader/settings.gradle into local compilation cache > Compiling settings file '/home/schradt/csci241/lab-1-Travis-Schrader/settings.gradle' to cross build script cache[m[238D[1B[2A[1m<[0;1m-------------> 0% INITIALIZING [839ms][m[39D[1B[1m> Evaluating settings[m[0K[21D[1B[2A[1m<[0;1m-------------> 0% INITIALIZING [939ms][m[39D[1B[1m> Evaluating settings > Compiling /home/schradt/csci241/lab-1-Travis-Schrader/settings.gradle into local compilation cache > Compiling settings file '/home/schradt/csci241/lab-1-Travis-Schrader/settings.gradle' to cross build script cache[m[238D[1B[2A[1m<[0;1m-------------> 0% INITIALIZING [1s][m[0K[36D[1B[1m> Evaluating settings > Compiling /home/schradt/csci241/lab-1-Travis-Schrader/settings.gradle into local compilation cache[m[0K[122D[1B[1A> IDLE[0K[6D[1B[2A[0K
[31mFAILURE: [39m[31mBuild failed with an exception.[39m

* What went wrong:
Project directory '/home/schradt/csci241/lab-1-Travis-Schrader/src/main/java/lab1' is not part of the build defined by settings file '/home/schradt/csci241/lab-1-Travis-Schrader/settings.gradle'. If this is an unrelated build, it must have its own settings file.

* Try:
Run with [1m--stacktrace[m option to get the stack trace. Run with [1m--info[m or [1m--debug[m option to get more log output. Run with [1m--scan[m to get full insights.

* Get more help at [1mhttps://help.gradle.org[m

[31;1mBUILD FAILED[0;39m in 5s
[0K
[0K
[2A[1m<[0;1m-------------> 0% WAITING[m[26D[1B> IDLE[6D[1B[2A[2K[1B[2K[1A[0m[?12l[?25hschradt@linux-09:~/csci241/lab-1-Travis-Schrader/src/main/java/lab1$ gradle run


[2A[1m<[0;1m-------------> 0% INITIALIZING [4ms][m[37D[1B[1m> Evaluating settings[m[21D[1B[2A[0K
[31mFAILURE: [39m[31mBuild failed with an exception.[39m

* What went wrong:
Project directory '/home/schradt/csci241/lab-1-Travis-Schrader/src/main/java/lab1' is not part of the build defined by settings file '/home/schradt/csci241/lab-1-Travis-Schrader/settings.gradle'. If this is an unrelated build, it must have its own settings file.

* Try:
Run with [1m--stacktrace[m option to get the stack trace. Run with [1m--info[m or [1m--debug[m option to get more log output. Run with [1m--scan[m to get full insights.

* Get more help at [1mhttps://help.gradle.org[m

[31;1mBUILD FAILED[0;39m in 524ms
[0K
[0K
[2A[1m<[0;1m-------------> 0% WAITING[m[26D[1B[1m> Evaluating settings[m[21D[1B[2A[2K[1B[2K[1A[0m[?12l[?25hschradt@linux-09:~/csci241/lab-1-Travis-Schrader/src/main/java/lab1$ cd
schradt@linux-09:~$ ls
 241Projects   247Labs	'CS 241 Labs'   csci241   Desktop   Documents   Downloads   IdeaProjects   Lab2   lab3	 lab4   lab5   lab6   lab7  'Lab 8'   Music   Pictures	 Public   repos   Templates   turtleshape_test.py   typescript	 Videos   xaa
schradt@linux-09:~$ cd csci241/
schradt@linux-09:~/csci241$ ls
lab-1-Travis-Schrader
schradt@linux-09:~/csci241$ cd lab-1-Travis-Schrader/
schradt@linux-09:~/csci241/lab-1-Travis-Schrader$ ls
build.gradle  settings.gradle  src  username.txt  writeup.txt
schradt@linux-09:~/csci241/lab-1-Travis-Schrader$ gradle build


[2A[1m<[0;1m-------------> 0% CONFIGURING [94ms][m[37D[1B[1m> Loading projects[m[18D[1B[2A[1m<[0;1m-------------> 0% CONFIGURING [194ms][m[38D[1B[1m> root project[m[0K[14D[1B[2A[1m<[0;1m-------------> 0% CONFIGURING [294ms][m[38D[2B[2A[1m<[0;1m-------------> 0% CONFIGURING [394ms][m[38D[2B[2A[1m<[0;1m-------------> 0% CONFIGURING [494ms][m[38D[2B[2A[1m<[0;1m-------------> 0% CONFIGURING [594ms][m[38D[2B[2A[1m<[0;1m-------------> 0% CONFIGURING [694ms][m[38D[2B[2A[1m<[0;1m-------------> 0% CONFIGURING [794ms][m[38D[2B[2A[1m<[0;1m-------------> 0% CONFIGURING [894ms][m[38D[1B[1m> root project > Compiling /home/schradt/csci241/lab-1-Travis-Schrader/build.gradle into local compilation cache > Compiling build file '/home/schradt/csci241/lab-1-Travis-Schrader/build.gradle' to cross build script cache[m[222D[1B[2A[1m<[0;1m-------------> 0% CONFIGURING [994ms][m[38D[1B[1m> root project[m[0K[14D[1B[2A[1m<[0;32;1m=============[0;39;1m> 100% CONFIGURING [1s][m[0K[37D[1B> IDLE[0K[6D[1B[2A[1m<[0;1m-------------> 0% EXECUTING [1s][m[0K[33D[1B[1m> :compileJava[m[14D[1B[1A[1m> :compileJava > Resolve dependencies of :compileClasspath[m[58D[1B[2A[1m<[0;1m-------------> 0% EXECUTING [2s][m[33D[2B[1A[1m> :compileJava > Resolve files of :compileClasspath[m[0K[51D[1B[2A[1m<[0;1m-------------> 0% EXECUTING [3s][m[33D[2B[1A[1m> :compileJava[m[0K[14D[1B[2A[1m<[0;1m-------------> 0% EXECUTING [4s][m[33D[2B[2A[1m<[0;1m-------------> 0% EXECUTING [5s][m[33D[2B[2A[1m<[0;1m-------------> 0% EXECUTING [6s][m[33D[2B[2A[1m<[0;1m-------------> 0% EXECUTING [7s][m[33D[2B[2A[1m<[0;1m-------------> 7% EXECUTING [7s][m[33D[1B[1m> :processResources[m[19D[1B[2A[1m<[0;32;1m===[0;39;1m----------> 28% EXECUTING [7s][m[34D[1B[1m> :startScripts[m[0K[15D[1B[2A[1m<[0;32;1m====[0;39;1m---------> 35% EXECUTING [7s][m[34D[1B[1m> :distTar[m[0K[10D[1B[2A[1m<[0;32;1m=====[0;39;1m--------> 42% EXECUTING [7s][m[34D[1B[1m> :distZip[m[10D[1B[2A[0K
[32;1mBUILD SUCCESSFUL[0;39m in 8s
5 actionable tasks: 5 executed
[0K
[0K
[2A[1m<[0;1m-------------> 0% WAITING[m[26D[1B[1m> :distZip[m[10D[1B[2A[2K[1B[2K[1A[0m[?12l[?25hschradt@linux-09:~/csci241/lab-1-Travis-Schrader$ gradle run


[2A[1m<[0;1m-------------> 0% INITIALIZING [8ms][m[37D[1B[1m> Evaluating settings[m[21D[1B[2A[1m<[0;1m-------------> 0% EXECUTING [108ms][m[0K[36D[1B[1m> :compileJava[m[0K[14D[1B[2A[0K
[1m> Task :run[m[0K
Hello, world!

[32;1mBUILD SUCCESSFUL[0;39m in 684ms
2 actionable tasks: 1 executed, 1 up-to-date
[0K
[0K
[2A[1m<[0;1m-------------> 0% WAITING[m[26D[1B> IDLE[6D[1B[2A[2K[1B[2K[1A[0m[?12l[?25hschradt@linux-09:~/csci241/lab-1-Travis-Schrader$ ls[K[Kcd src/main/java/lab1/
schradt@linux-09:~/csci241/lab-1-Travis-Schrader/src/main/java/lab1$ ls
gradle	Hello.java
schradt@linux-09:~/csci241/lab-1-Travis-Schrader/src/main/java/lab1$ nano Hello.java
[?1049h[22;0;0t[1;72r(B[m[4l[?7h[39;49m[?1h=[?1h=[?1h=[?25l[39;49m(B[m[H[2J[70;174H(B[0;7m[ Reading File ](B[m[70;180H(B[0;7m 7 lines ](B[m[H(B[0;7m  GNU nano 2.9.3                                                                                                                                                                   Hello.java                                                                                                                                                                              [1;362H(B[m[71d(B[0;7m^G(B[m Get Help[19G(B[0;7m^O(B[m Write Out[37G(B[0;7m^W(B[m Where Is[55G(B[0;7m^K(B[m Cut Text[73G(B[0;7m^J(B[m Justify[71;91H(B[0;7m^C(B[m Cur Pos[71;109H(B[0;7mM-U(B[m Undo[71;127H(B[0;7mM-A(B[m Mark Text     (B[0;7mM-](B[m To Bracket    (B[0;7mM-▲(B[m Previous[181G(B[0;7m^B(B[m Back[71;199H(B[0;7m^◀(B[m Prev Word[217G(B[0;7m^A(B[m Home[71;235H(B[0;7m^P(B[m Prev Line[253G(B[0;7mM--(B[m Scroll Up     (B[0;7m^▲(B[m Prev Block     (B[0;7mM-((B[m Beg of Par    (B[0;7m^Y(B[m Prev Page[325G(B[0;7mM-\(B[m First Line    (B[0;7mM-◀(B[m Prev File[72d(B[0;7m^X(B[m Exit[72;19H(B[0;7m^R(B[m Read File[37G(B[0;7m^\(B[m Replace[72;55H(B[0;7m^U(B[m Uncut Text     (B[0;7m^T(B[m To Spell[91G(B[0;7m^_(B[m Go To Line     (B[0;7mM-E(B[m Redo[72;127H(B[0;7mM-6(B[m Copy Text     (B[0;7mM-W(B[m WhereIs Next  (B[0;7mM-▼(B[m Next[72;181H(B[0;7m^F(B[m Forward[72;199H(B[0;7m^▶(B[m Next Word[217G(B[0;7m^E(B[m End[72;235H(B[0;7m^N(B[m Next Line[253G(B[0;7mM-+(B[m Scroll Down   (B[0;7m^▼(B[m Next Block     (B[0;7mM-)(B[m End of Par    (B[0;7m^V(B[m Next Page[325G(B[0;7mM-/(B[m Last Line     (B[0;7mM-▶(B[m Next File[70d[3d[39;49m[36mpackage[39m(B[m lab1;[5d[36mpublic[39m(B[m [36mclass[39m(B[m Hello {[6;3H[36mpublic[39m(B[m [36mstatic[39m(B[m [32mvoid[39m(B[m main(String[] args) {[7;5HSystem.out.println([31m"Hello, world!"[39m(B[m);[8;3H}[9d}[3d[?12l[?25h[?25l[4d[?12l[?25h[?25l[5d[?12l[?25h[?25l[6d[?12l[?25h[?25l [?12l[?25h[?25l [?12l[?25h[?25l[C[?12l[?25h[?25l[C[?12l[?25h[?25l[C[?12l[?25h[?25l[C[?12l[?25h[?25l[C[?12l[?25h[?25l[C[?12l[?25h[?25l [?12l[?25h[?25l[C[?12l[?25h[?25l[C[?12l[?25h[?25l[C[?12l[?25h[?25l[C[?12l[?25h[?25l[C[?12l[?25h[?25l[C[?12l[?25h[?25l [?12l[?25h[?25l[C[?12l[?25h[?25l[C[?12l[?25h[?25l[C[?12l[?25h[?25l[C[?12l[?25h[?25l [?12l[?25h[?25lm[?12l[?25h[?25l[70d[K[6;24H[?12l[?25h[?25li[?12l[?25h[?25ln[?12l[?25h[?25l([?12l[?25h[?25lS[?12l[?25h[?25lt[?12l[?25h[?25lr[?12l[?25h[?25li[?12l[?25h[?25ln[?12l[?25h[?25lg[?12l[?25h[?25l[[?12l[?25h[?25l][?12l[?25h[?25l [?12l[?25h[?25la[?12l[?25h[?25l[7d[?12l[?25h[?25l[8;4H[?12l[?25h[?25l[7;37H[?12l[?25h[?25l[C[?12l[?25h[?25l[C[?12l[?25h[?25l[1;354H(B[0;7mModified(B[m[7;24H"Hello, world!);[K[?12l[?25h[?25l);[K[?12l[?25h[?25l);[K[?12l[?25h[?25l);[K[?12l[?25h[?25l);[K[?12l[?25h[?25l);[K[?12l[?25h[?25l);[K[?12l[?25h[?25l);[K[?12l[?25h[?25l );[?12l[?25h[?25l[7;24H[31m"Hello, "[39m(B[m);[?12l[?25h[?25l );[?12l[?25h[?25l+);[?12l[?25h[?25l );[?12l[?25h[?25la);[?12l[?25h[?25lr);[?12l[?25h[?25lg);[?12l[?25h[?25ls);[?12l[?25h[?25l[);[?12l[?25h[?25l0);[?12l[?25h[?25l]);[?12l[?25h[?25l[71;19H            [37G           [55G           [73G          [71;91H(B[0;7mM-D(B[m DOS Format            [71;127H[48X[71;181H(B[0;7mM-A(B[m Append[71;199H            [217G       [71;235H            [253G[18X[71;271H(B[0;7mM-B(B[m Backup File[K[72;2H(B[0;7mC(B[m Cancel[72;19H            [37G          [72;55H[29X[72;91H(B[0;7mM-M(B[m Mac Format            [72;127H[44X[72;181H(B[0;7mM-P(B[m Prepend[199G            [217G      [72;235H            [253G[18X[72;271H(B[0;7m^T(B[m To Files[K[70d(B[0;7mFile Name to Write: Hello.java                                                                                                                                                                                                                                                                                                                                             [70;1H(B[m[70;31H[?12l[?25h[?25l[K[1;362H[1;354H(B[0;7m        (B[m[70;174H(B[0;7m[ Wrote 7 lines ](B[m[71;19H(B[0;7m^O(B[m Write Out[37G(B[0;7m^W(B[m Where Is[55G(B[0;7m^K(B[m Cut Text[73G(B[0;7m^J(B[m Justify[71;91H(B[0;7m^C(B[m Cur Pos        (B[0;7mM-U(B[m Undo[71;127H(B[0;7mM-A(B[m Mark Text     (B[0;7mM-](B[m To Bracket    (B[0;7mM-▲(B[m Previous[181G(B[0;7m^B(B[m Back   [71;199H(B[0;7m^◀(B[m Prev Word[217G(B[0;7m^A(B[m Home[71;235H(B[0;7m^P(B[m Prev Line[253G(B[0;7mM--(B[m Scroll Up     (B[0;7m^▲(B[m Prev Block     (B[0;7mM-((B[m Beg of Par    (B[0;7m^Y(B[m Prev Page[325G(B[0;7mM-\(B[m First Line    (B[0;7mM-◀(B[m Prev File[72;2H(B[0;7mX(B[m Exit  [72;19H(B[0;7m^R(B[m Read File[37G(B[0;7m^\(B[m Replace[72;55H(B[0;7m^U(B[m Uncut Text     (B[0;7m^T(B[m To Spell[91G(B[0;7m^_(B[m Go To Line     (B[0;7mM-E(B[m Redo[72;127H(B[0;7mM-6(B[m Copy Text     (B[0;7mM-W(B[m WhereIs Next  (B[0;7mM-▼(B[m Next[72;181H(B[0;7m^F(B[m Forward [199G(B[0;7m^▶(B[m Next Word[217G(B[0;7m^E(B[m End[72;235H(B[0;7m^N(B[m Next Line[253G(B[0;7mM-+(B[m Scroll Down   (B[0;7m^▼(B[m Next Block     (B[0;7mM-)(B[m End of Par    (B[0;7m^V(B[m Next Page[325G(B[0;7mM-/(B[m Last Line     (B[0;7mM-▶(B[m Next File[70d[7;43H[?12l[?25h[?25l[70d[J[72;363H[?12l[?25h[72;1H[?1049l[23;0;0t[?1l>schradt@linux-09:~/csci241/lab-1-Travis-Schrader/src/main/java/lab1$ dc[K[Kcd ..
schradt@linux-09:~/csci241/lab-1-Travis-Schrader/src/main/java$ cd .
schradt@linux-09:~/csci241/lab-1-Travis-Schrader/src/main/java$ cd ..
schradt@linux-09:~/csci241/lab-1-Travis-Schrader/src/main$ cd ..
schradt@linux-09:~/csci241/lab-1-Travis-Schrader/src$ cd ..
schradt@linux-09:~/csci241/lab-1-Travis-Schrader$ cd ..[K[K[K[K[Kgradle run --args="241"


[2A[1m<[0;1m-------------> 0% INITIALIZING [11ms][m[38D[1B[1m> Evaluating settings[m[21D[1B[2A[1m<[0;1m-------------> 0% EXECUTING [111ms][m[0K[36D[1B[1m> :compileJava[m[0K[14D[1B[2A[1m<[0;1m-------------> 0% EXECUTING [211ms][m[36D[2B[2A[1m<[0;32;1m=========[0;39;1m----> 75% EXECUTING [311ms][m[37D[1B[1m> :run[m[0K[6D[1B[2A[0K
[1m> Task :run[m
Hello, 241

[32;1mBUILD SUCCESSFUL[0;39m in 846ms
2 actionable tasks: 2 executed
[0K
[0K
[2A[1m<[0;1m-------------> 0% WAITING[m[26D[1B[1m> :run[m[6D[1B[2A[2K[1B[2K[1A[0m[?12l[?25hschradt@linux-09:~/csci241/lab-1-Travis-Schrader$ git[K[K[Kgit add src/main/java/lab1/Hello.java 
schradt@linux-09:~/csci241/lab-1-Travis-Schrader$ git commit -m "Hello now prints command line arg" 
[master 3051d5b] Hello now prints command line arg
 1 file changed, 1 insertion(+), 1 deletion(-)
schradt@linux-09:~/csci241/lab-1-Travis-Schrader$ git push
Username for 'https://github.com': Travis-Schrader
Password for 'https://Travis-Schrader@github.com': 
Counting objects: 13, done.
Delta compression using up to 8 threads.
Compressing objects:  11% (1/9)   Compressing objects:  22% (2/9)   Compressing objects:  33% (3/9)   Compressing objects:  44% (4/9)   Compressing objects:  55% (5/9)   Compressing objects:  66% (6/9)   Compressing objects:  77% (7/9)   Compressing objects:  88% (8/9)   Compressing objects: 100% (9/9)   Compressing objects: 100% (9/9), done.
Writing objects:   7% (1/13)   Writing objects:  15% (2/13)   Writing objects:  23% (3/13)   Writing objects:  30% (4/13)   Writing objects:  38% (5/13)   Writing objects:  46% (6/13)   Writing objects:  53% (7/13)   Writing objects:  61% (8/13)   Writing objects:  69% (9/13)   Writing objects:  76% (10/13)   Writing objects:  84% (11/13)   Writing objects:  92% (12/13)   Writing objects: 100% (13/13)   Writing objects: 100% (13/13), 1.08 KiB | 275.00 KiB/s, done.
Total 13 (delta 5), reused 0 (delta 0)
remote: Resolving deltas:   0% (0/5)[Kremote: Resolving deltas:  20% (1/5)[Kremote: Resolving deltas:  80% (4/5)[Kremote: Resolving deltas: 100% (5/5)[Kremote: Resolving deltas: 100% (5/5), completed with 2 local objects.[K
To https://github.com/csci241-20s/lab-1-Travis-Schrader.git
   37ef550..3051d5b  master -> master
schradt@linux-09:~/csci241/lab-1-Travis-Schrader$ exit
exit

Script done on 2020-04-09 13:43:19-0700
